Component: ARM Compiler 5.06 update 7 (build 960) Tool: armlink [4d3601]

==============================================================================

Section Cross References

    startup_stm32h7b0xx.o(STACK) refers (Special) to heapauxi.o(.text) for __use_two_region_memory
    startup_stm32h7b0xx.o(HEAP) refers (Special) to heapauxi.o(.text) for __use_two_region_memory
    startup_stm32h7b0xx.o(RESET) refers (Special) to heapauxi.o(.text) for __use_two_region_memory
    startup_stm32h7b0xx.o(RESET) refers to startup_stm32h7b0xx.o(STACK) for __initial_sp
    startup_stm32h7b0xx.o(RESET) refers to startup_stm32h7b0xx.o(.text) for Reset_Handler
    startup_stm32h7b0xx.o(RESET) refers to stm32h7xx_it.o(i.NMI_Handler) for NMI_Handler
    startup_stm32h7b0xx.o(RESET) refers to stm32h7xx_it.o(i.HardFault_Handler) for HardFault_Handler
    startup_stm32h7b0xx.o(RESET) refers to stm32h7xx_it.o(i.MemManage_Handler) for MemManage_Handler
    startup_stm32h7b0xx.o(RESET) refers to stm32h7xx_it.o(i.BusFault_Handler) for BusFault_Handler
    startup_stm32h7b0xx.o(RESET) refers to stm32h7xx_it.o(i.UsageFault_Handler) for UsageFault_Handler
    startup_stm32h7b0xx.o(RESET) refers to port.o(.emb_text) for SVC_Handler
    startup_stm32h7b0xx.o(RESET) refers to stm32h7xx_it.o(i.DebugMon_Handler) for DebugMon_Handler
    startup_stm32h7b0xx.o(RESET) refers to cmsis_os2.o(i.SysTick_Handler) for SysTick_Handler
    startup_stm32h7b0xx.o(RESET) refers to stm32h7xx_it.o(i.DMA1_Stream0_IRQHandler) for DMA1_Stream0_IRQHandler
    startup_stm32h7b0xx.o(RESET) refers to stm32h7xx_it.o(i.DMA1_Stream1_IRQHandler) for DMA1_Stream1_IRQHandler
    startup_stm32h7b0xx.o(RESET) refers to stm32h7xx_it.o(i.DMA1_Stream2_IRQHandler) for DMA1_Stream2_IRQHandler
    startup_stm32h7b0xx.o(RESET) refers to stm32h7xx_it.o(i.DMA1_Stream3_IRQHandler) for DMA1_Stream3_IRQHandler
    startup_stm32h7b0xx.o(RESET) refers to stm32h7xx_it.o(i.DMA1_Stream4_IRQHandler) for DMA1_Stream4_IRQHandler
    startup_stm32h7b0xx.o(RESET) refers to stm32h7xx_it.o(i.DMA1_Stream5_IRQHandler) for DMA1_Stream5_IRQHandler
    startup_stm32h7b0xx.o(RESET) refers to stm32h7xx_it.o(i.DMA1_Stream6_IRQHandler) for DMA1_Stream6_IRQHandler
    startup_stm32h7b0xx.o(RESET) refers to stm32h7xx_it.o(i.ADC_IRQHandler) for ADC_IRQHandler
    startup_stm32h7b0xx.o(RESET) refers to stm32h7xx_it.o(i.USART1_IRQHandler) for USART1_IRQHandler
    startup_stm32h7b0xx.o(RESET) refers to stm32h7xx_it.o(i.UART4_IRQHandler) for UART4_IRQHandler
    startup_stm32h7b0xx.o(RESET) refers to stm32h7xx_it.o(i.I2C3_EV_IRQHandler) for I2C3_EV_IRQHandler
    startup_stm32h7b0xx.o(RESET) refers to stm32h7xx_it.o(i.I2C3_ER_IRQHandler) for I2C3_ER_IRQHandler
    startup_stm32h7b0xx.o(RESET) refers to stm32h7xx_it.o(i.SPI6_IRQHandler) for SPI6_IRQHandler
    startup_stm32h7b0xx.o(RESET) refers to stm32h7xx_it.o(i.LTDC_IRQHandler) for LTDC_IRQHandler
    startup_stm32h7b0xx.o(RESET) refers to stm32h7xx_it.o(i.DMA2D_IRQHandler) for DMA2D_IRQHandler
    startup_stm32h7b0xx.o(RESET) refers to stm32h7xx_it.o(i.TIM17_IRQHandler) for TIM17_IRQHandler
    startup_stm32h7b0xx.o(.text) refers (Special) to heapauxi.o(.text) for __use_two_region_memory
    startup_stm32h7b0xx.o(.text) refers to system_stm32h7xx.o(i.SystemInit) for SystemInit
    startup_stm32h7b0xx.o(.text) refers to __main.o(!!!main) for __main
    startup_stm32h7b0xx.o(.text) refers to startup_stm32h7b0xx.o(HEAP) for Heap_Mem
    startup_stm32h7b0xx.o(.text) refers to startup_stm32h7b0xx.o(STACK) for Stack_Mem
    main.o(i.HAL_TIM_PeriodElapsedCallback) refers to stm32h7xx_hal.o(i.HAL_IncTick) for HAL_IncTick
    main.o(i.PeriphCommonClock_Config) refers to rt_memclr_w.o(.text) for __aeabi_memclr4
    main.o(i.PeriphCommonClock_Config) refers to stm32h7xx_hal_rcc_ex.o(i.HAL_RCCEx_PeriphCLKConfig) for HAL_RCCEx_PeriphCLKConfig
    main.o(i.PeriphCommonClock_Config) refers to main.o(i.Error_Handler) for Error_Handler
    main.o(i.SystemClock_Config) refers to rt_memclr_w.o(.text) for __aeabi_memclr4
    main.o(i.SystemClock_Config) refers to stm32h7xx_hal_pwr_ex.o(i.HAL_PWREx_ConfigSupply) for HAL_PWREx_ConfigSupply
    main.o(i.SystemClock_Config) refers to stm32h7xx_hal_rcc.o(i.HAL_RCC_OscConfig) for HAL_RCC_OscConfig
    main.o(i.SystemClock_Config) refers to main.o(i.Error_Handler) for Error_Handler
    main.o(i.SystemClock_Config) refers to stm32h7xx_hal_rcc.o(i.HAL_RCC_ClockConfig) for HAL_RCC_ClockConfig
    main.o(i.main) refers to stm32h7xx_hal.o(i.HAL_Init) for HAL_Init
    main.o(i.main) refers to main.o(i.SystemClock_Config) for SystemClock_Config
    main.o(i.main) refers to main.o(i.PeriphCommonClock_Config) for PeriphCommonClock_Config
    main.o(i.main) refers to gpio.o(i.MX_GPIO_Init) for MX_GPIO_Init
    main.o(i.main) refers to dma.o(i.MX_DMA_Init) for MX_DMA_Init
    main.o(i.main) refers to octospi.o(i.MX_OCTOSPI1_Init) for MX_OCTOSPI1_Init
    main.o(i.main) refers to dma2d.o(i.MX_DMA2D_Init) for MX_DMA2D_Init
[...]
    0x08000e62   0x08000e62   0x00000002   PAD
    0x08000e64   0x08000e64   0x00000024   Code   RO        12861    .text               c_w.l(init_aeabi.o)
    0x08000e88   0x08000e88   0x00000002   Code   RO        12872    .text               c_w.l(use_no_semi.o)
    0x08000e8a   0x08000e8a   0x00000002   PAD
    0x08000e8c   0x08000e8c   0x00000010   Code   RO        12877    .text               c_w.l(rt_ctype_table.o)
    0x08000e9c   0x08000e9c   0x00000008   Code   RO        12886    .text               c_w.l(rt_heap_descriptor_intlibspace.o)
    0x08000ea4   0x08000ea4   0x00000008   Code   RO        12891    .text               c_w.l(rt_errno_addr_intlibspace.o)
    0x08000eac   0x08000eac   0x00000004   Code   RO        12893    .text               c_w.l(hguard.o)
    0x08000eb0   0x08000eb0   0x0000008a   Code   RO        12895    .text               c_w.l(init_alloc.o)
    0x08000f3a   0x08000f3a   0x0000000e   Code   RO        12899    .text               c_w.l(h1_init.o)
    0x08000f48   0x08000f48   0x00000016   Code   RO        12913    .text               c_w.l(_rserrno.o)
    0x08000f5e   0x08000f5e   0x00000024   Code   RO        12915    .text               c_w.l(_printf_truncate.o)
    0x08000f82   0x08000f82   0x000000b2   Code   RO        12917    .text               c_w.l(_printf_intcommon.o)
    0x08001034   0x08001034   0x00000028   Code   RO        12919    .text               c_w.l(_printf_charcount.o)
    0x0800105c   0x0800105c   0x00000030   Code   RO        12921    .text               c_w.l(_printf_char_common.o)
    0x0800108c   0x0800108c   0x0000000a   Code   RO        12923    .text               c_w.l(_sputc.o)
    0x08001096   0x08001096   0x00000010   Code   RO        12925    .text               c_w.l(_snputc.o)
    0x080010a6   0x080010a6   0x0000002c   Code   RO        12927    .text               c_w.l(_printf_char.o)
    0x080010d2   0x080010d2   0x00000002   PAD
    0x080010d4   0x080010d4   0x00000024   Code   RO        12929    .text               c_w.l(_printf_char_file.o)
    0x080010f8   0x080010f8   0x000000bc   Code   RO        12931    .text               c_w.l(_printf_wctomb.o)
    0x080011b4   0x080011b4   0x0000007c   Code   RO        12934    .text               c_w.l(_printf_longlong_dec.o)
    0x08001230   0x08001230   0x00000070   Code   RO        12940    .text               c_w.l(_printf_oct_int_ll.o)
    0x080012a0   0x080012a0   0x00000040   Code   RO        12969    .text               c_w.l(_sgetc.o)
    0x080012e0   0x080012e0   0x0000009e   Code   RO        12971    .text               c_w.l(_strtoul.o)
    0x0800137e   0x0800137e   0x00000002   PAD
    0x08001380   0x08001380   0x000000a4   Code   RO        12973    .text               c_w.l(strtod.o)
    0x08001424   0x08001424   0x00000008   Code   RO        13042    .text               c_w.l(libspace.o)
    0x0800142c   0x0800142c   0x00000008   Code   RO        13065    .text               c_w.l(rt_locale_intlibspace.o)
    0x08001434   0x08001434   0x00000034   Code   RO        13071    .text               c_w.l(h1_extend.o)
    0x08001468   0x08001468   0x0000008a   Code   RO        13075    .text               c_w.l(lludiv10.o)
    0x080014f2   0x080014f2   0x00000012   Code   RO        13077    .text               c_w.l(isspace.o)
    0x08001504   0x08001504   0x0000041e   Code   RO        13079    .text               c_w.l(_printf_fp_dec.o)
    0x08001922   0x08001922   0x00000002   PAD
    0x08001924   0x08001924   0x000002fc   Code   RO        13081    .text               c_w.l(_printf_fp_hex.o)
    0x08001c20   0x08001c20   0x0000002c   Code   RO        13086    .text               c_w.l(_printf_wchar.o)
    0x08001c4c   0x08001c4c   0x0000001c   Code   RO        13088    .text               c_w.l(_chval.o)
    0x08001c68   0x08001c68   0x000004f8   Code   RO        13092    .text               c_w.l(scanf_fp.o)
    0x08002160   0x08002160   0x00000008   Code   RO        13096    .text               c_w.l(ferror.o)
    0x08002168   0x08002168   0x00000040   Code   RO        13102    .text               c_w.l(_wcrtomb.o)
    0x080021a8   0x080021a8   0x0000000e   Code   RO        13110    .text               c_w.l(defsig_rtmem_outer.o)
    0x080021b6   0x080021b6   0x0000004a   Code   RO        13122    .text               c_w.l(sys_stackheap_outer.o)
    0x08002200   0x08002200   0x00000080   Code   RO        13128    .text               c_w.l(_printf_fp_infnan.o)
    0x08002280   0x08002280   0x000000e4   Code   RO        13130    .text               c_w.l(bigflt0.o)
    0x08002364   0x08002364   0x00000012   Code   RO        13155    .text               c_w.l(exit.o)
    0x08002376   0x08002376   0x0000000a   Code   RO        13157    .text               c_w.l(defsig_exit.o)
    0x08002380   0x08002380   0x00000050   Code   RO        13163    .text               c_w.l(defsig_rtmem_inner.o)
    0x080023d0   0x080023d0   0x00000320   Code   RO        13203    .text               c_w.l(scanf_hexfp.o)
    0x080026f0   0x080026f0   0x00000134   Code   RO        13205    .text               c_w.l(scanf_infnan.o)
    0x08002824   0x08002824   0x00000032   Code   RO        13209    .text               c_w.l(defsig_general.o)
    0x08002856   0x08002856   0x00000026   Code   RO        13244    .text               c_w.l(llshl.o)
    0x0800287c   0x0800287c   0x0000003e   Code   RO        13133    CL$$btod_d2e        c_w.l(btod.o)
    0x080028ba   0x080028ba   0x00000046   Code   RO        13135    CL$$btod_d2e_denorm_low  c_w.l(btod.o)
    0x08002900   0x08002900   0x00000060   Code   RO        13134    CL$$btod_d2e_norm_op1  c_w.l(btod.o)
    0x08002960   0x08002960   0x00000338   Code   RO        13143    CL$$btod_div_common  c_w.l(btod.o)
    0x08002c98   0x08002c98   0x00000084   Code   RO        13141    CL$$btod_e2d        c_w.l(btod.o)
    0x08002d1c   0x08002d1c   0x000000dc   Code   RO        13140    CL$$btod_e2e        c_w.l(btod.o)
    0x08002df8   0x08002df8   0x0000002a   Code   RO        13137    CL$$btod_ediv       c_w.l(btod.o)
    0x08002e22   0x08002e22   0x0000002a   Code   RO        13139    CL$$btod_edivd      c_w.l(btod.o)
    0x08002e4c   0x08002e4c   0x0000002a   Code   RO        13136    CL$$btod_emul       c_w.l(btod.o)
    0x08002e76   0x08002e76   0x0000002a   Code   RO        13138    CL$$btod_emuld      c_w.l(btod.o)
    0x08002ea0   0x08002ea0   0x00000244   Code   RO        13142    CL$$btod_mult_common  c_w.l(btod.o)
    0x080030e4   0x080030e4   0x000000fc   Code   RO         1232    i.ADC_ConfigureBoostMode  stm32h7xx_hal_adc.o
    0x080031e0   0x080031e0   0x000000b0   Code   RO         1238    i.ADC_Enable        stm32h7xx_hal_adc.o
    0x08003290   0x08003290   0x00000010   Code   RO         1015    i.ADC_IRQHandler    stm32h7xx_it.o
    0x080032a0   0x080032a0   0x00000008   Code   RO        10375    i.BUG_ON            kfifo.o
    0x080032a8   0x080032a8   0x00000004   Code   RO         1016    i.BusFault_Handler  stm32h7xx_it.o
    0x080032ac   0x080032ac   0x00000010   Code   RO         1017    i.DMA1_Stream0_IRQHandler  stm32h7xx_it.o
    0x080032bc   0x080032bc   0x00000010   Code   RO         1018    i.DMA1_Stream1_IRQHandler  stm32h7xx_it.o
    0x080032cc   0x080032cc   0x00000010   Code   RO         1019    i.DMA1_Stream2_IRQHandler  stm32h7xx_it.o
    0x080032dc   0x080032dc   0x00000010   Code   RO         1020    i.DMA1_Stream3_IRQHandler  stm32h7xx_it.o
    0x080032ec   0x080032ec   0x00000010   Code   RO         1021    i.DMA1_Stream4_IRQHandler  stm32h7xx_it.o
    0x080032fc   0x080032fc   0x00000010   Code   RO         1022    i.DMA1_Stream5_IRQHandler  stm32h7xx_it.o
    0x0800330c   0x0800330c   0x00000010   Code   RO         1023    i.DMA1_Stream6_IRQHandler  stm32h7xx_it.o
    0x0800331c   0x0800331c   0x00000010   Code   RO         1024    i.DMA2D_IRQHandler  stm32h7xx_it.o
    0x0800332c   0x0800332c   0x000000ec   Code   RO         2452    i.DMA_CalcBaseAndBitshift  stm32h7xx_hal_dma.o
    0x08003418   0x08003418   0x000000c4   Code   RO         2453    i.DMA_CalcDMAMUXChannelBaseAndMask  stm32h7xx_hal_dma.o
    0x080034dc   0x080034dc   0x00000098   Code   RO         2454    i.DMA_CalcDMAMUXRequestGenBaseAndMask  stm32h7xx_hal_dma.o
    0x08003574   0x08003574   0x000000ae   Code   RO         2455    i.DMA_CheckFifoParam  stm32h7xx_hal_dma.o
    0x08003622   0x08003622   0x00000002   PAD
    0x08003624   0x08003624   0x000002c4   Code   RO         2456    i.DMA_SetConfig     stm32h7xx_hal_dma.o
    0x080038e8   0x080038e8   0x00000002   Code   RO         1025    i.DebugMon_Handler  stm32h7xx_it.o
    0x080038ea   0x080038ea   0x00000006   Code   RO           13    i.Error_Handler     main.o
    0x080038f0   0x080038f0   0x00000002   Code   RO         1493    i.HAL_ADCEx_EndOfSamplingCallback  stm32h7xx_hal_adc_ex.o
    0x080038f2   0x080038f2   0x00000002   Code   RO         1496    i.HAL_ADCEx_InjectedConvCpltCallback  stm32h7xx_hal_adc_ex.o
    0x080038f4   0x080038f4   0x00000002   Code   RO         1499    i.HAL_ADCEx_InjectedQueueOverflowCallback  stm32h7xx_hal_adc_ex.o
    0x080038f6   0x080038f6   0x00000002   Code   RO         1504    i.HAL_ADCEx_LevelOutOfWindow2Callback  stm32h7xx_hal_adc_ex.o
    0x080038f8   0x080038f8   0x00000002   Code   RO         1505    i.HAL_ADCEx_LevelOutOfWindow3Callback  stm32h7xx_hal_adc_ex.o
    0x080038fa   0x080038fa   0x00000002   PAD
    0x080038fc   0x080038fc   0x00000418   Code   RO         1239    i.HAL_ADC_AnalogWDGConfig  stm32h7xx_hal_adc.o
    0x08003d14   0x08003d14   0x00000484   Code   RO         1240    i.HAL_ADC_ConfigChannel  stm32h7xx_hal_adc.o
    0x08004198   0x08004198   0x0000001c   Code   RO          543    i.HAL_ADC_ConvCpltCallback  freertos.o
    0x080041b4   0x080041b4   0x00000002   Code   RO         1244    i.HAL_ADC_ErrorCallback  stm32h7xx_hal_adc.o
    0x080041b6   0x080041b6   0x00000008   Code   RO         1247    i.HAL_ADC_GetValue  stm32h7xx_hal_adc.o
    0x080041be   0x080041be   0x00000002   PAD
    0x080041c0   0x080041c0   0x0000032c   Code   RO         1248    i.HAL_ADC_IRQHandler  stm32h7xx_hal_adc.o
    0x080044ec   0x080044ec   0x00000228   Code   RO         1249    i.HAL_ADC_Init      stm32h7xx_hal_adc.o
    0x08004714   0x08004714   0x00000014   Code   RO          544    i.HAL_ADC_LevelOutOfWindowCallback  freertos.o
    0x08004728   0x08004728   0x00000088   Code   RO          641    i.HAL_ADC_MspInit   adc.o
    0x080047b0   0x080047b0   0x000001d0   Code   RO         1257    i.HAL_ADC_Start_IT  stm32h7xx_hal_adc.o
    0x08004980   0x08004980   0x00000002   Code   RO         4263    i.HAL_DMA2D_CLUTLoadingCpltCallback  stm32h7xx_hal_dma2d.o
    0x08004982   0x08004982   0x00000002   PAD
    0x08004984   0x08004984   0x00000104   Code   RO         4271    i.HAL_DMA2D_ConfigLayer  stm32h7xx_hal_dma2d.o
    0x08004a88   0x08004a88   0x00000166   Code   RO         4278    i.HAL_DMA2D_IRQHandler  stm32h7xx_hal_dma2d.o
    0x08004bee   0x08004bee   0x00000002   PAD
    0x08004bf0   0x08004bf0   0x00000088   Code   RO         4279    i.HAL_DMA2D_Init    stm32h7xx_hal_dma2d.o
    0x08004c78   0x08004c78   0x00000002   Code   RO         4280    i.HAL_DMA2D_LineEventCallback  stm32h7xx_hal_dma2d.o
    0x08004c7a   0x08004c7a   0x00000002   PAD
    0x08004c7c   0x08004c7c   0x00000044   Code   RO          710    i.HAL_DMA2D_MspInit  dma2d.o
    0x08004cc0   0x08004cc0   0x000004dc   Code   RO         2457    i.HAL_DMA_Abort     stm32h7xx_hal_dma.o
    0x0800519c   0x0800519c   0x00000398   Code   RO         2458    i.HAL_DMA_Abort_IT  stm32h7xx_hal_dma.o
    0x08005534   0x08005534   0x00000006   Code   RO         2460    i.HAL_DMA_GetError  stm32h7xx_hal_dma.o
    0x0800553a   0x0800553a   0x00000008   Code   RO         2461    i.HAL_DMA_GetState  stm32h7xx_hal_dma.o
    0x08005542   0x08005542   0x00000002   PAD
    0x08005544   0x08005544   0x00000b4c   Code   RO         2462    i.HAL_DMA_IRQHandler  stm32h7xx_hal_dma.o
    0x08006090   0x08006090   0x0000056c   Code   RO         2463    i.HAL_DMA_Init      stm32h7xx_hal_dma.o
    0x080065fc   0x080065fc   0x000003e0   Code   RO         2467    i.HAL_DMA_Start_IT  stm32h7xx_hal_dma.o
    0x080069dc   0x080069dc   0x000001fc   Code   RO         2305    i.HAL_GPIO_Init     stm32h7xx_hal_gpio.o
    0x08006bd8   0x08006bd8   0x00000014   Code   RO         2308    i.HAL_GPIO_TogglePin  stm32h7xx_hal_gpio.o
    0x08006bec   0x08006bec   0x0000000c   Code   RO         2309    i.HAL_GPIO_WritePin  stm32h7xx_hal_gpio.o
    0x08006bf8   0x08006bf8   0x0000000c   Code   RO         3364    i.HAL_GetTick       stm32h7xx_hal.o
    0x08006c04   0x08006c04   0x0000006a   Code   RO         4131    i.HAL_I2CEx_ConfigAnalogFilter  stm32h7xx_hal_i2c_ex.o
    0x08006c6e   0x08006c6e   0x00000068   Code   RO         4132    i.HAL_I2CEx_ConfigDigitalFilter  stm32h7xx_hal_i2c_ex.o
    0x08006cd6   0x08006cd6   0x00000002   Code   RO         3659    i.HAL_I2C_AbortCpltCallback  stm32h7xx_hal_i2c.o
    0x08006cd8   0x08006cd8   0x00000002   Code   RO         3660    i.HAL_I2C_AddrCallback  stm32h7xx_hal_i2c.o
    0x08006cda   0x08006cda   0x00000076   Code   RO         3663    i.HAL_I2C_ER_IRQHandler  stm32h7xx_hal_i2c.o
    0x08006d50   0x08006d50   0x0000001c   Code   RO         3664    i.HAL_I2C_EV_IRQHandler  stm32h7xx_hal_i2c.o
    0x08006d6c   0x08006d6c   0x00000002   Code   RO         3666    i.HAL_I2C_ErrorCallback  stm32h7xx_hal_i2c.o
    0x08006d6e   0x08006d6e   0x00000002   PAD
    0x08006d70   0x08006d70   0x000000c4   Code   RO         3670    i.HAL_I2C_Init      stm32h7xx_hal_i2c.o
    0x08006e34   0x08006e34   0x00000002   Code   RO         3672    i.HAL_I2C_ListenCpltCallback  stm32h7xx_hal_i2c.o
    0x08006e36   0x08006e36   0x00000002   PAD
    0x08006e38   0x08006e38   0x0000001c   Code   RO        10774    i.HAL_I2C_MasterRxCpltCallback  sht30.o
    0x08006e54   0x08006e54   0x00000010   Code   RO        10775    i.HAL_I2C_MasterTxCpltCallback  sht30.o
    0x08006e64   0x08006e64   0x00000190   Code   RO         3679    i.HAL_I2C_Master_Seq_Receive_DMA  stm32h7xx_hal_i2c.o
    0x08006ff4   0x08006ff4   0x000000c4   Code   RO         3680    i.HAL_I2C_Master_Seq_Receive_IT  stm32h7xx_hal_i2c.o
    0x080070b8   0x080070b8   0x00000190   Code   RO         3681    i.HAL_I2C_Master_Seq_Transmit_DMA  stm32h7xx_hal_i2c.o
    0x08007248   0x08007248   0x00000002   Code   RO         3686    i.HAL_I2C_MemRxCpltCallback  stm32h7xx_hal_i2c.o
    0x0800724a   0x0800724a   0x00000002   Code   RO         3687    i.HAL_I2C_MemTxCpltCallback  stm32h7xx_hal_i2c.o
    0x0800724c   0x0800724c   0x00000180   Code   RO          752    i.HAL_I2C_MspInit   i2c.o
    0x080073cc   0x080073cc   0x00000002   Code   RO         3696    i.HAL_I2C_SlaveRxCpltCallback  stm32h7xx_hal_i2c.o
    0x080073ce   0x080073ce   0x00000002   Code   RO         3697    i.HAL_I2C_SlaveTxCpltCallback  stm32h7xx_hal_i2c.o
    0x080073d0   0x080073d0   0x00000018   Code   RO         3370    i.HAL_IncTick       stm32h7xx_hal.o
    0x080073e8   0x080073e8   0x00000060   Code   RO         3371    i.HAL_Init          stm32h7xx_hal.o
    0x08007448   0x08007448   0x00000094   Code   RO         1193    i.HAL_InitTick      stm32h7xx_hal_timebase_tim.o
    0x080074dc   0x080074dc   0x0000005e   Code   RO         4469    i.HAL_LTDC_ConfigLayer  stm32h7xx_hal_ltdc.o
    0x0800753a   0x0800753a   0x00000002   Code   RO         4482    i.HAL_LTDC_ErrorCallback  stm32h7xx_hal_ltdc.o
    0x0800753c   0x0800753c   0x000000f4   Code   RO         4485    i.HAL_LTDC_IRQHandler  stm32h7xx_hal_ltdc.o
    0x08007630   0x08007630   0x00000118   Code   RO         4486    i.HAL_LTDC_Init     stm32h7xx_hal_ltdc.o
    0x08007748   0x08007748   0x00000002   Code   RO         4487    i.HAL_LTDC_LineEventCallback  stm32h7xx_hal_ltdc.o
    0x0800774a   0x0800774a   0x00000002   PAD
    0x0800774c   0x0800774c   0x000001d4   Code   RO          794    i.HAL_LTDC_MspInit  ltdc.o
    0x08007920   0x08007920   0x00000002   Code   RO         4492    i.HAL_LTDC_ReloadEventCallback  stm32h7xx_hal_ltdc.o
    0x08007922   0x08007922   0x00000002   PAD
    0x08007924   0x08007924   0x00000030   Code   RO         1169    i.HAL_MspInit       stm32h7xx_hal_msp.o
    0x08007954   0x08007954   0x00000028   Code   RO         3201    i.HAL_NVIC_EnableIRQ  stm32h7xx_hal_cortex.o
    0x0800797c   0x0800797c   0x0000007a   Code   RO         3207    i.HAL_NVIC_SetPriority  stm32h7xx_hal_cortex.o
    0x080079f6   0x080079f6   0x00000002   PAD
    0x080079f8   0x080079f8   0x00000028   Code   RO         3208    i.HAL_NVIC_SetPriorityGrouping  stm32h7xx_hal_cortex.o
    0x08007a20   0x08007a20   0x00000044   Code   RO         3209    i.HAL_NVIC_SystemReset  stm32h7xx_hal_cortex.o
    0x08007a64   0x08007a64   0x000006f8   Code   RO         4741    i.HAL_OSPIM_Config  stm32h7xx_hal_ospi.o
    0x0800815c   0x0800815c   0x00000110   Code   RO         4759    i.HAL_OSPI_Init     stm32h7xx_hal_ospi.o
    0x0800826c   0x0800826c   0x00000150   Code   RO          836    i.HAL_OSPI_MspInit  octospi.o
    0x080083bc   0x080083bc   0x00000008   Code   RO         4769    i.HAL_OSPI_SetTimeout  stm32h7xx_hal_ospi.o
    0x080083c4   0x080083c4   0x00000060   Code   RO         2906    i.HAL_PWREx_ConfigSupply  stm32h7xx_hal_pwr_ex.o
    0x08008424   0x08008424   0x00000024   Code   RO         1864    i.HAL_RCCEx_GetD3PCLK1Freq  stm32h7xx_hal_rcc_ex.o
    0x08008448   0x08008448   0x00000230   Code   RO         1865    i.HAL_RCCEx_GetPLL1ClockFreq  stm32h7xx_hal_rcc_ex.o
    0x08008678   0x08008678   0x00000230   Code   RO         1866    i.HAL_RCCEx_GetPLL2ClockFreq  stm32h7xx_hal_rcc_ex.o
    0x080088a8   0x080088a8   0x00000230   Code   RO         1867    i.HAL_RCCEx_GetPLL3ClockFreq  stm32h7xx_hal_rcc_ex.o
    0x08008ad8   0x08008ad8   0x0000079c   Code   RO         1869    i.HAL_RCCEx_GetPeriphCLKFreq  stm32h7xx_hal_rcc_ex.o
    0x08009274   0x08009274   0x00000cda   Code   RO         1873    i.HAL_RCCEx_PeriphCLKConfig  stm32h7xx_hal_rcc_ex.o
    0x08009f4e   0x08009f4e   0x00000002   PAD
    0x08009f50   0x08009f50   0x00000320   Code   RO         1749    i.HAL_RCC_ClockConfig  stm32h7xx_hal_rcc.o
    0x0800a270   0x0800a270   0x0000006c   Code   RO         1753    i.HAL_RCC_GetClockConfig  stm32h7xx_hal_rcc.o
    0x0800a2dc   0x0800a2dc   0x0000004c   Code   RO         1754    i.HAL_RCC_GetHCLKFreq  stm32h7xx_hal_rcc.o
    0x0800a328   0x0800a328   0x00000024   Code   RO         1756    i.HAL_RCC_GetPCLK1Freq  stm32h7xx_hal_rcc.o
    0x0800a34c   0x0800a34c   0x00000024   Code   RO         1757    i.HAL_RCC_GetPCLK2Freq  stm32h7xx_hal_rcc.o
    0x0800a370   0x0800a370   0x0000022c   Code   RO         1758    i.HAL_RCC_GetSysClockFreq  stm32h7xx_hal_rcc.o
    0x0800a59c   0x0800a59c   0x000007f0   Code   RO         1761    i.HAL_RCC_OscConfig  stm32h7xx_hal_rcc.o
    0x0800ad8c   0x0800ad8c   0x00000002   Code   RO         5012    i.HAL_SPI_ErrorCallback  stm32h7xx_hal_spi.o
    0x0800ad8e   0x0800ad8e   0x00000002   PAD
    0x0800ad90   0x0800ad90   0x00000294   Code   RO         5015    i.HAL_SPI_IRQHandler  stm32h7xx_hal_spi.o
    0x0800b024   0x0800b024   0x000001b0   Code   RO         5016    i.HAL_SPI_Init      stm32h7xx_hal_spi.o
    0x0800b1d4   0x0800b1d4   0x00000090   Code   RO          878    i.HAL_SPI_MspInit   spi.o
    0x0800b264   0x0800b264   0x00000002   Code   RO         5022    i.HAL_SPI_RxCpltCallback  stm32h7xx_hal_spi.o
    0x0800b266   0x0800b266   0x00000002   Code   RO         5024    i.HAL_SPI_SuspendCallback  stm32h7xx_hal_spi.o
    0x0800b268   0x0800b268   0x00000002   Code   RO         5031    i.HAL_SPI_TxCpltCallback  stm32h7xx_hal_spi.o
    0x0800b26a   0x0800b26a   0x00000002   Code   RO         5033    i.HAL_SPI_TxRxCpltCallback  stm32h7xx_hal_spi.o
    0x0800b26c   0x0800b26c   0x00000002   Code   RO         6066    i.HAL_TIMEx_Break2Callback  stm32h7xx_hal_tim_ex.o
    0x0800b26e   0x0800b26e   0x00000002   Code   RO         6067    i.HAL_TIMEx_BreakCallback  stm32h7xx_hal_tim_ex.o
    0x0800b270   0x0800b270   0x00000002   Code   RO         6068    i.HAL_TIMEx_CommutCallback  stm32h7xx_hal_tim_ex.o
    0x0800b272   0x0800b272   0x00000002   PAD
    0x0800b274   0x0800b274   0x000000cc   Code   RO         6089    i.HAL_TIMEx_MasterConfigSynchronization  stm32h7xx_hal_tim_ex.o
    0x0800b340   0x0800b340   0x0000006e   Code   RO         5341    i.HAL_TIM_Base_Init  stm32h7xx_hal_tim.o
    0x0800b3ae   0x0800b3ae   0x00000002   PAD
    0x0800b3b0   0x0800b3b0   0x00000030   Code   RO          920    i.HAL_TIM_Base_MspInit  tim.o
    0x0800b3e0   0x0800b3e0   0x000000b4   Code   RO         5346    i.HAL_TIM_Base_Start_IT  stm32h7xx_hal_tim.o
    0x0800b494   0x0800b494   0x00000134   Code   RO         5350    i.HAL_TIM_ConfigClockSource  stm32h7xx_hal_tim.o
    0x0800b5c8   0x0800b5c8   0x00000002   Code   RO         5375    i.HAL_TIM_IC_CaptureCallback  stm32h7xx_hal_tim.o
    0x0800b5ca   0x0800b5ca   0x000001b8   Code   RO         5389    i.HAL_TIM_IRQHandler  stm32h7xx_hal_tim.o
    0x0800b782   0x0800b782   0x00000002   PAD
    0x0800b784   0x0800b784   0x00000060   Code   RO          921    i.HAL_TIM_MspPostInit  tim.o
    0x0800b7e4   0x0800b7e4   0x00000002   Code   RO         5392    i.HAL_TIM_OC_DelayElapsedCallback  stm32h7xx_hal_tim.o
    0x0800b7e6   0x0800b7e6   0x00000170   Code   RO         5413    i.HAL_TIM_PWM_ConfigChannel  stm32h7xx_hal_tim.o
    0x0800b956   0x0800b956   0x0000006e   Code   RO         5416    i.HAL_TIM_PWM_Init  stm32h7xx_hal_tim.o
    0x0800b9c4   0x0800b9c4   0x00000002   Code   RO         5418    i.HAL_TIM_PWM_MspInit  stm32h7xx_hal_tim.o
    0x0800b9c6   0x0800b9c6   0x00000002   Code   RO         5419    i.HAL_TIM_PWM_PulseFinishedCallback  stm32h7xx_hal_tim.o
    0x0800b9c8   0x0800b9c8   0x00000164   Code   RO         5421    i.HAL_TIM_PWM_Start  stm32h7xx_hal_tim.o
    0x0800bb2c   0x0800bb2c   0x00000018   Code   RO           14    i.HAL_TIM_PeriodElapsedCallback  main.o
    0x0800bb44   0x0800bb44   0x00000002   Code   RO         5432    i.HAL_TIM_TriggerCallback  stm32h7xx_hal_tim.o
    0x0800bb46   0x0800bb46   0x0000004e   Code   RO         6794    i.HAL_UARTEx_DisableFifoMode  stm32h7xx_hal_uart_ex.o
    0x0800bb94   0x0800bb94   0x00000006   Code   RO         6798    i.HAL_UARTEx_GetRxEventType  stm32h7xx_hal_uart_ex.o
    0x0800bb9a   0x0800bb9a   0x00000062   Code   RO         6800    i.HAL_UARTEx_ReceiveToIdle_DMA  stm32h7xx_hal_uart_ex.o
    0x0800bbfc   0x0800bbfc   0x00000298   Code   RO        10476    i.HAL_UARTEx_RxEventCallback  com_uart_port.o
    0x0800be94   0x0800be94   0x00000002   Code   RO         6802    i.HAL_UARTEx_RxFifoFullCallback  stm32h7xx_hal_uart_ex.o
    0x0800be96   0x0800be96   0x0000005e   Code   RO         6803    i.HAL_UARTEx_SetRxFifoThreshold  stm32h7xx_hal_uart_ex.o
    0x0800bef4   0x0800bef4   0x0000005e   Code   RO         6804    i.HAL_UARTEx_SetTxFifoThreshold  stm32h7xx_hal_uart_ex.o
    0x0800bf52   0x0800bf52   0x00000002   Code   RO         6806    i.HAL_UARTEx_TxFifoEmptyCallback  stm32h7xx_hal_uart_ex.o
    0x0800bf54   0x0800bf54   0x00000002   Code   RO         6807    i.HAL_UARTEx_WakeupCallback  stm32h7xx_hal_uart_ex.o
    0x0800bf56   0x0800bf56   0x00000002   PAD
    0x0800bf58   0x0800bf58   0x00000064   Code   RO        10477    i.HAL_UART_ErrorCallback  com_uart_port.o
    0x0800bfbc   0x0800bfbc   0x00000008   Code   RO         6395    i.HAL_UART_GetError  stm32h7xx_hal_uart.o
    0x0800bfc4   0x0800bfc4   0x00000494   Code   RO         6397    i.HAL_UART_IRQHandler  stm32h7xx_hal_uart.o
    0x0800c458   0x0800c458   0x00000078   Code   RO         6398    i.HAL_UART_Init     stm32h7xx_hal_uart.o
    0x0800c4d0   0x0800c4d0   0x00000258   Code   RO          968    i.HAL_UART_MspInit  usart.o
    0x0800c728   0x0800c728   0x00000002   Code   RO         9418    i.HAL_UART_RxCpltCallback  shell_port.o
    0x0800c72a   0x0800c72a   0x00000002   Code   RO         6406    i.HAL_UART_RxHalfCpltCallback  stm32h7xx_hal_uart.o
    0x0800c72c   0x0800c72c   0x000000c2   Code   RO         6407    i.HAL_UART_Transmit  stm32h7xx_hal_uart.o
    0x0800c7ee   0x0800c7ee   0x00000002   PAD
    0x0800c7f0   0x0800c7f0   0x000000a0   Code   RO         6408    i.HAL_UART_Transmit_DMA  stm32h7xx_hal_uart.o
    0x0800c890   0x0800c890   0x0000002c   Code   RO        10478    i.HAL_UART_TxCpltCallback  com_uart_port.o
    0x0800c8bc   0x0800c8bc   0x00000002   Code   RO         6411    i.HAL_UART_TxHalfCpltCallback  stm32h7xx_hal_uart.o
    0x0800c8be   0x0800c8be   0x00000004   Code   RO         1026    i.HardFault_Handler  stm32h7xx_it.o
    0x0800c8c2   0x0800c8c2   0x00000002   PAD
    0x0800c8c4   0x0800c8c4   0x00000010   Code   RO         1027    i.I2C3_ER_IRQHandler  stm32h7xx_it.o
    0x0800c8d4   0x0800c8d4   0x00000010   Code   RO         1028    i.I2C3_EV_IRQHandler  stm32h7xx_it.o
    0x0800c8e4   0x0800c8e4   0x0000001c   Code   RO         3708    i.I2C_ConvertOtherXferOptions  stm32h7xx_hal_i2c.o
    0x0800c900   0x0800c900   0x00000022   Code   RO         3709    i.I2C_DMAAbort      stm32h7xx_hal_i2c.o
    0x0800c922   0x0800c922   0x00000002   PAD
    0x0800c924   0x0800c924   0x000001dc   Code   RO         3710    i.I2C_DMAError      stm32h7xx_hal_i2c.o
    0x0800cb00   0x0800cb00   0x0000005e   Code   RO         3711    i.I2C_DMAMasterReceiveCplt  stm32h7xx_hal_i2c.o
    0x0800cb5e   0x0800cb5e   0x0000005e   Code   RO         3712    i.I2C_DMAMasterTransmitCplt  stm32h7xx_hal_i2c.o
    0x0800cbbc   0x0800cbbc   0x0000006e   Code   RO         3715    i.I2C_Disable_IRQ   stm32h7xx_hal_i2c.o
    0x0800cc2a   0x0800cc2a   0x00000002   PAD
    0x0800cc2c   0x0800cc2c   0x00000088   Code   RO         3716    i.I2C_Enable_IRQ    stm32h7xx_hal_i2c.o
    0x0800ccb4   0x0800ccb4   0x00000028   Code   RO         3717    i.I2C_Flush_TXDR    stm32h7xx_hal_i2c.o
    0x0800ccdc   0x0800ccdc   0x000000ce   Code   RO         3718    i.I2C_ITAddrCplt    stm32h7xx_hal_i2c.o
    0x0800cdaa   0x0800cdaa   0x00000002   PAD
    0x0800cdac   0x0800cdac   0x00000154   Code   RO         3719    i.I2C_ITError       stm32h7xx_hal_i2c.o
    0x0800cf00   0x0800cf00   0x00000070   Code   RO         3720    i.I2C_ITListenCplt  stm32h7xx_hal_i2c.o
    0x0800cf70   0x0800cf70   0x00000128   Code   RO         3721    i.I2C_ITMasterCplt  stm32h7xx_hal_i2c.o
    0x0800d098   0x0800d098   0x00000062   Code   RO         3722    i.I2C_ITMasterSeqCplt  stm32h7xx_hal_i2c.o
    0x0800d0fa   0x0800d0fa   0x00000002   PAD
    0x0800d0fc   0x0800d0fc   0x0000030c   Code   RO         3723    i.I2C_ITSlaveCplt   stm32h7xx_hal_i2c.o
    0x0800d408   0x0800d408   0x0000008c   Code   RO         3724    i.I2C_ITSlaveSeqCplt  stm32h7xx_hal_i2c.o
    0x0800d494   0x0800d494   0x00000160   Code   RO         3726    i.I2C_Master_ISR_DMA  stm32h7xx_hal_i2c.o
    0x0800d5f4   0x0800d5f4   0x00000198   Code   RO         3727    i.I2C_Master_ISR_IT  stm32h7xx_hal_i2c.o
    0x0800d78c   0x0800d78c   0x000002dc   Code   RO         3732    i.I2C_Slave_ISR_DMA  stm32h7xx_hal_i2c.o
    0x0800da68   0x0800da68   0x00000148   Code   RO         3733    i.I2C_Slave_ISR_IT  stm32h7xx_hal_i2c.o
    0x0800dbb0   0x0800dbb0   0x00000038   Code   RO         3734    i.I2C_TransferConfig  stm32h7xx_hal_i2c.o
    0x0800dbe8   0x0800dbe8   0x0000003a   Code   RO         3735    i.I2C_TreatErrorCallback  stm32h7xx_hal_i2c.o
    0x0800dc22   0x0800dc22   0x00000002   PAD
    0x0800dc24   0x0800dc24   0x00000010   Code   RO         1261    i.LL_ADC_Enable     stm32h7xx_hal_adc.o
    0x0800dc34   0x0800dc34   0x0000000a   Code   RO         1262    i.LL_ADC_GetMultimode  stm32h7xx_hal_adc.o
    0x0800dc3e   0x0800dc3e   0x0000000a   Code   RO         1263    i.LL_ADC_INJ_IsConversionOngoing  stm32h7xx_hal_adc.o
    0x0800dc48   0x0800dc48   0x0000000a   Code   RO         1265    i.LL_ADC_IsEnabled  stm32h7xx_hal_adc.o
    0x0800dc52   0x0800dc52   0x0000000a   Code   RO         1266    i.LL_ADC_IsInternalRegulatorEnabled  stm32h7xx_hal_adc.o
    0x0800dc5c   0x0800dc5c   0x0000000a   Code   RO         1267    i.LL_ADC_REG_IsConversionOngoing  stm32h7xx_hal_adc.o
    0x0800dc66   0x0800dc66   0x00000012   Code   RO         1268    i.LL_ADC_REG_IsTriggerSourceSWStart  stm32h7xx_hal_adc.o
    0x0800dc78   0x0800dc78   0x00000010   Code   RO         1269    i.LL_ADC_REG_StartConversion  stm32h7xx_hal_adc.o
    0x0800dc88   0x0800dc88   0x00000030   Code   RO         1270    i.LL_ADC_SetAnalogWDMonitChannels  stm32h7xx_hal_adc.o
    0x0800dcb8   0x0800dcb8   0x00000028   Code   RO         1271    i.LL_ADC_SetChannelSamplingTime  stm32h7xx_hal_adc.o
    0x0800dce0   0x0800dce0   0x0000000c   Code   RO         1272    i.LL_ADC_SetCommonPathInternalCh  stm32h7xx_hal_adc.o
    0x0800dcec   0x0800dcec   0x00000010   Code   RO         1029    i.LTDC_IRQHandler   stm32h7xx_it.o
    0x0800dcfc   0x0800dcfc   0x00000210   Code   RO         4505    i.LTDC_SetConfig    stm32h7xx_hal_ltdc.o
    0x0800df0c   0x0800df0c   0x000000c0   Code   RO          642    i.MX_ADC2_Init      adc.o
    0x0800dfcc   0x0800dfcc   0x0000004c   Code   RO          711    i.MX_DMA2D_Init     dma2d.o
    0x0800e018   0x0800e018   0x00000094   Code   RO          682    i.MX_DMA_Init       dma.o
    0x0800e0ac   0x0800e0ac   0x0000009c   Code   RO          545    i.MX_FREERTOS_Init  freertos.o
    0x0800e148   0x0800e148   0x0000011c   Code   RO          385    i.MX_GPIO_Init      gpio.o
    0x0800e264   0x0800e264   0x00000058   Code   RO          753    i.MX_I2C3_Init      i2c.o
    0x0800e2bc   0x0800e2bc   0x000000c4   Code   RO          795    i.MX_LTDC_Init      ltdc.o
    0x0800e380   0x0800e380   0x00000080   Code   RO          837    i.MX_OCTOSPI1_Init  octospi.o
    0x0800e400   0x0800e400   0x00000060   Code   RO          879    i.MX_SPI6_Init      spi.o
    0x0800e460   0x0800e460   0x000000bc   Code   RO          922    i.MX_TIM12_Init     tim.o
    0x0800e51c   0x0800e51c   0x0000006c   Code   RO          969    i.MX_UART4_Init     usart.o
    0x0800e588   0x0800e588   0x0000006c   Code   RO          970    i.MX_USART1_UART_Init  usart.o
    0x0800e5f4   0x0800e5f4   0x00000004   Code   RO         1030    i.MemManage_Handler  stm32h7xx_it.o
    0x0800e5f8   0x0800e5f8   0x00000004   Code   RO         1031    i.NMI_Handler       stm32h7xx_it.o
    0x0800e5fc   0x0800e5fc   0x000000e8   Code   RO         4777    i.OSPIM_GetConfig   stm32h7xx_hal_ospi.o
    0x0800e6e4   0x0800e6e4   0x0000004c   Code   RO         4782    i.OSPI_WaitFlagStateUntilTimeout  stm32h7xx_hal_ospi.o
    0x0800e730   0x0800e730   0x0000004e   Code   RO           15    i.PeriphCommonClock_Config  main.o
    0x0800e77e   0x0800e77e   0x00000002   PAD
    0x0800e780   0x0800e780   0x00000164   Code   RO         1875    i.RCCEx_PLL2_Config  stm32h7xx_hal_rcc_ex.o
    0x0800e8e4   0x0800e8e4   0x00000164   Code   RO         1876    i.RCCEx_PLL3_Config  stm32h7xx_hal_rcc_ex.o
    0x0800ea48   0x0800ea48   0x00000010   Code   RO         1032    i.SPI6_IRQHandler   stm32h7xx_it.o
    0x0800ea58   0x0800ea58   0x000000d6   Code   RO         5036    i.SPI_CloseTransfer  stm32h7xx_hal_spi.o
    0x0800eb2e   0x0800eb2e   0x0000001c   Code   RO         5037    i.SPI_DMAAbortOnError  stm32h7xx_hal_spi.o
    0x0800eb4a   0x0800eb4a   0x0000001a   Code   RO         5047    i.SPI_GetPacketSize  stm32h7xx_hal_spi.o
    0x0800eb64   0x0800eb64   0x00000044   Code   RO          546    i.StartDefaultTask  freertos.o
    0x0800eba8   0x0800eba8   0x0000000c   Code   RO          547    i.StartTask_lowPower  freertos.o
    0x0800ebb4   0x0800ebb4   0x00000134   Code   RO          548    i.StartTasktest     freertos.o
    0x0800ece8   0x0800ece8   0x00000016   Code   RO         8126    i.SysTick_Handler   cmsis_os2.o
    0x0800ecfe   0x0800ecfe   0x00000002   PAD
    0x0800ed00   0x0800ed00   0x000000c0   Code   RO           16    i.SystemClock_Config  main.o
    0x0800edc0   0x0800edc0   0x00000234   Code   RO         6917    i.SystemCoreClockUpdate  system_stm32h7xx.o
    0x0800eff4   0x0800eff4   0x000000e0   Code   RO         6918    i.SystemInit        system_stm32h7xx.o
    0x0800f0d4   0x0800f0d4   0x00000010   Code   RO         1033    i.TIM17_IRQHandler  stm32h7xx_it.o
    0x0800f0e4   0x0800f0e4   0x000000cc   Code   RO         5434    i.TIM_Base_SetConfig  stm32h7xx_hal_tim.o
    0x0800f1b0   0x0800f1b0   0x00000022   Code   RO         5435    i.TIM_CCxChannelCmd  stm32h7xx_hal_tim.o
    0x0800f1d2   0x0800f1d2   0x00000016   Code   RO         5445    i.TIM_ETR_SetConfig  stm32h7xx_hal_tim.o
    0x0800f1e8   0x0800f1e8   0x00000018   Code   RO         5446    i.TIM_ITRx_SetConfig  stm32h7xx_hal_tim.o
    0x0800f200   0x0800f200   0x000000ac   Code   RO         5447    i.TIM_OC1_SetConfig  stm32h7xx_hal_tim.o
    0x0800f2ac   0x0800f2ac   0x000000b4   Code   RO         5448    i.TIM_OC2_SetConfig  stm32h7xx_hal_tim.o
    0x0800f360   0x0800f360   0x000000b4   Code   RO         5449    i.TIM_OC3_SetConfig  stm32h7xx_hal_tim.o
    0x0800f414   0x0800f414   0x00000074   Code   RO         5450    i.TIM_OC4_SetConfig  stm32h7xx_hal_tim.o
    0x0800f488   0x0800f488   0x00000070   Code   RO         5451    i.TIM_OC5_SetConfig  stm32h7xx_hal_tim.o
    0x0800f4f8   0x0800f4f8   0x00000070   Code   RO         5452    i.TIM_OC6_SetConfig  stm32h7xx_hal_tim.o
    0x0800f568   0x0800f568   0x00000026   Code   RO         5454    i.TIM_TI1_ConfigInputStage  stm32h7xx_hal_tim.o
    0x0800f58e   0x0800f58e   0x00000028   Code   RO         5456    i.TIM_TI2_ConfigInputStage  stm32h7xx_hal_tim.o
    0x0800f5b6   0x0800f5b6   0x00000002   PAD
    0x0800f5b8   0x0800f5b8   0x00000010   Code   RO         1034    i.UART4_IRQHandler  stm32h7xx_it.o
    0x0800f5c8   0x0800f5c8   0x00000058   Code   RO         6808    i.UARTEx_SetNbDataToProcess  stm32h7xx_hal_uart_ex.o
    0x0800f620   0x0800f620   0x000000f8   Code   RO         6412    i.UART_AdvFeatureConfig  stm32h7xx_hal_uart.o
    0x0800f718   0x0800f718   0x000000ea   Code   RO         6413    i.UART_CheckIdleState  stm32h7xx_hal_uart.o
    0x0800f802   0x0800f802   0x00000018   Code   RO         6414    i.UART_DMAAbortOnError  stm32h7xx_hal_uart.o
    0x0800f81a   0x0800f81a   0x0000005e   Code   RO         6415    i.UART_DMAError     stm32h7xx_hal_uart.o
    0x0800f878   0x0800f878   0x000000ae   Code   RO         6416    i.UART_DMAReceiveCplt  stm32h7xx_hal_uart.o
    0x0800f926   0x0800f926   0x00000026   Code   RO         6418    i.UART_DMARxHalfCplt  stm32h7xx_hal_uart.o
    0x0800f94c   0x0800f94c   0x00000054   Code   RO         6420    i.UART_DMATransmitCplt  stm32h7xx_hal_uart.o
    0x0800f9a0   0x0800f9a0   0x0000000e   Code   RO         6422    i.UART_DMATxHalfCplt  stm32h7xx_hal_uart.o
    0x0800f9ae   0x0800f9ae   0x00000002   PAD
    0x0800f9b0   0x0800f9b0   0x0000006c   Code   RO         6424    i.UART_EndRxTransfer  stm32h7xx_hal_uart.o
    0x0800fa1c   0x0800fa1c   0x00000030   Code   RO         6425    i.UART_EndTransmit_IT  stm32h7xx_hal_uart.o
    0x0800fa4c   0x0800fa4c   0x00000040   Code   RO         6426    i.UART_EndTxTransfer  stm32h7xx_hal_uart.o
    0x0800fa8c   0x0800fa8c   0x00000628   Code   RO         6431    i.UART_SetConfig    stm32h7xx_hal_uart.o
    0x080100b4   0x080100b4   0x000000c8   Code   RO         6432    i.UART_Start_Receive_DMA  stm32h7xx_hal_uart.o
    0x0801017c   0x0801017c   0x000000a2   Code   RO         6438    i.UART_WaitOnFlagUntilTimeout  stm32h7xx_hal_uart.o
    0x0801021e   0x0801021e   0x00000002   PAD
    0x08010220   0x08010220   0x00000010   Code   RO         1035    i.USART1_IRQHandler  stm32h7xx_it.o
    0x08010230   0x08010230   0x00000004   Code   RO         1036    i.UsageFault_Handler  stm32h7xx_it.o
    0x08010234   0x08010234   0x00000030   Code   RO        13187    i.__ARM_fpclassify  m_wv.l(fpclassify.o)
    0x08010264   0x08010264   0x00000010   Code   RO         3214    i.__NVIC_GetPriorityGrouping  stm32h7xx_hal_cortex.o
    0x08010274   0x08010274   0x00000028   Code   RO         3215    i.__NVIC_SetPriority  stm32h7xx_hal_cortex.o
    0x0801029c   0x0801029c   0x00000006   Code   RO         8128    i.__get_IPSR        cmsis_os2.o
    0x080102a2   0x080102a2   0x00000006   Code   RO        12281    i.__get_PRIMASK     perf_counter.o
    0x080102a8   0x080102a8   0x000000dc   Code   RO        13189    i.__hardfp___mathlib_tofloat  m_wv.l(narrow.o)
    0x08010384   0x08010384   0x00000004   PAD
    0x08010388   0x08010388   0x00000038   Code   RO        12866    i.__hardfp_atof     m_wv.l(atof.o)
    0x080103c0   0x080103c0   0x00000072   Code   RO        10376    i.__kfifo_get       kfifo.o
    0x08010432   0x08010432   0x0000006c   Code   RO        10377    i.__kfifo_get_try   kfifo.o
    0x0801049e   0x0801049e   0x00000078   Code   RO        10378    i.__kfifo_put       kfifo.o
    0x08010516   0x08010516   0x00000002   PAD
    0x08010518   0x08010518   0x00000018   Code   RO        13287    i.__mathlib_dbl_overflow  m_wv.l(dunder.o)
    0x08010530   0x08010530   0x00000018   Code   RO        13289    i.__mathlib_dbl_underflow  m_wv.l(dunder.o)
    0x08010548   0x08010548   0x00000012   Code   RO        13190    i.__mathlib_narrow  m_wv.l(narrow.o)
    0x0801055a   0x0801055a   0x0000000a   Code   RO        12284    i.__perf_counter_init  perf_counter.o
    0x08010564   0x08010564   0x00000002   Code   RO        12285    i.__perf_os_patch_init  perf_counter.o
    0x08010566   0x08010566   0x00000006   Code   RO        12287    i.__set_PRIMASK     perf_counter.o
    0x0801056c   0x0801056c   0x00000004   PAD
    0x08010570   0x08010570   0x000000b8   Code   RO        13250    i.__support_ldexp   m_wv.l(ldexp.o)
    0x08010628   0x08010628   0x0000000e   Code   RO        12805    i._is_digit         c_w.l(__printf_wp.o)
    0x08010636   0x08010636   0x00000004   Code   RO        10329    i._sys_exit         common_1.o
    0x0801063a   0x0801063a   0x00000004   Code   RO        10330    i._ttywrch          common_1.o
    0x0801063e   0x0801063e   0x00000002   PAD
    0x08010640   0x08010640   0x00000180   Code   RO         9864    i.aai_write         sfud.o
    0x080107c0   0x080107c0   0x00000154   Code   RO        11057    i.calculate_timer_values  tim_pwm.o
    0x08010914   0x08010914   0x00000034   Code   RO        12291    i.check_systick     perf_counter.o
    0x08010948   0x08010948   0x00000076   Code   RO        10560    i.com_check_task    com_component.o
    0x080109be   0x080109be   0x00000006   Code   RO        10561    i.com_check_task_right  com_component.o
    0x080109c4   0x080109c4   0x00000008   Code   RO        10562    i.com_get_time      com_component.o
    0x080109cc   0x080109cc   0x0000003c   Code   RO        10863    i.com_i2c_init      com_component_i2c.o
    0x08010a08   0x08010a08   0x00000048   Code   RO        10864    i.com_i2c_rx_cplt   com_component_i2c.o
    0x08010a50   0x08010a50   0x00000100   Code   RO        10865    i.com_i2c_start_rx  com_component_i2c.o
    0x08010b50   0x08010b50   0x00000068   Code   RO        10866    i.com_i2c_try_communite  com_component_i2c.o
    0x08010bb8   0x08010bb8   0x000000ec   Code   RO        10867    i.com_i2c_tx        com_component_i2c.o
    0x08010ca4   0x08010ca4   0x0000003e   Code   RO        10868    i.com_i2c_tx_cplt   com_component_i2c.o
    0x08010ce2   0x08010ce2   0x00000002   PAD
    0x08010ce4   0x08010ce4   0x000001b0   Code   RO        10563    i.com_init          com_component.o
    0x08010e94   0x08010e94   0x0000004c   Code   RO        10479    i.com_init_hal_fast  com_uart_port.o
    0x08010ee0   0x08010ee0   0x00000030   Code   RO        10566    i.com_queue_init    com_component.o
    0x08010f10   0x08010f10   0x0000001e   Code   RO        10567    i.com_queue_init_iic  com_component.o
    0x08010f2e   0x08010f2e   0x00000002   PAD
    0x08010f30   0x08010f30   0x00000148   Code   RO        10568    i.com_queue_put     com_component.o
    0x08011078   0x08011078   0x000000e0   Code   RO        10569    i.com_queue_put_rx  com_component.o
    0x08011158   0x08011158   0x0000000e   Code   RO        10570    i.com_register_driver  com_component.o
    0x08011166   0x08011166   0x00000030   Code   RO        10571    i.com_rx_get        com_component.o
    0x08011196   0x08011196   0x00000012   Code   RO        10572    i.com_rx_inquire_data  com_component.o
    0x080111a8   0x080111a8   0x00000010   Code   RO        10576    i.com_rx_start      com_component.o
    0x080111b8   0x080111b8   0x00000046   Code   RO        10577    i.com_rx_wait       com_component.o
    0x080111fe   0x080111fe   0x00000046   Code   RO        10582    i.com_tx_wait       com_component.o
    0x08011244   0x08011244   0x0000001e   Code   RO        10965    i.com_uart_rx_pack_cplt  com_component_uart.o
    0x08011262   0x08011262   0x00000020   Code   RO        10966    i.com_uart_rx_start  com_component_uart.o
    0x08011282   0x08011282   0x0000003c   Code   RO        10967    i.com_uart_try_tx   com_component_uart.o
    0x080112be   0x080112be   0x0000003e   Code   RO        10968    i.com_uart_tx       com_component_uart.o
    0x080112fc   0x080112fc   0x00000052   Code   RO        10969    i.com_uart_tx_cplt  com_component_uart.o
    0x0801134e   0x0801134e   0x00000002   PAD
    0x08011350   0x08011350   0x00000024   Code   RO        10480    i.com_user_init     com_uart_port.o
    0x08011374   0x08011374   0x00000124   Code   RO         9504    i.elog_get_filter_tag_lvl  elog.o
    0x08011498   0x08011498   0x00000050   Code   RO         9508    i.elog_init         elog.o
    0x080114e8   0x080114e8   0x000003e4   Code   RO         9509    i.elog_output       elog.o
    0x080118cc   0x080118cc   0x00000028   Code   RO         9510    i.elog_output_lock  elog.o
    0x080118f4   0x080118f4   0x00000040   Code   RO         9511    i.elog_output_lock_enabled  elog.o
    0x08011934   0x08011934   0x00000028   Code   RO         9512    i.elog_output_unlock  elog.o
    0x0801195c   0x0801195c   0x00000008   Code   RO         9711    i.elog_port_get_p_info  elog_port.o
    0x08011964   0x08011964   0x00000008   Code   RO         9712    i.elog_port_get_t_info  elog_port.o
    0x0801196c   0x0801196c   0x00000008   Code   RO         9713    i.elog_port_get_time  elog_port.o
    0x08011974   0x08011974   0x00000004   Code   RO         9714    i.elog_port_init    elog_port.o
    0x08011978   0x08011978   0x0000001c   Code   RO         9715    i.elog_port_output  elog_port.o
    0x08011994   0x08011994   0x00000002   Code   RO         9716    i.elog_port_output_lock  elog_port.o
    0x08011996   0x08011996   0x00000002   Code   RO         9717    i.elog_port_output_unlock  elog_port.o
    0x08011998   0x08011998   0x0000005c   Code   RO         9513    i.elog_raw_output   elog.o
    0x080119f4   0x080119f4   0x000000c8   Code   RO         9516    i.elog_set_filter_lvl  elog.o
    0x08011abc   0x08011abc   0x00000048   Code   RO         9519    i.elog_set_filter_tag_lvl_default  elog.o
    0x08011b04   0x08011b04   0x000000cc   Code   RO         9520    i.elog_set_fmt      elog.o
    0x08011bd0   0x08011bd0   0x000000dc   Code   RO         9521    i.elog_set_output_enabled  elog.o
    0x08011cac   0x08011cac   0x000000dc   Code   RO         9522    i.elog_set_text_color_enabled  elog.o
    0x08011d88   0x08011d88   0x00000098   Code   RO         9523    i.elog_start        elog.o
    0x08011e20   0x08011e20   0x0000010c   Code   RO         9684    i.elog_strcpy       elog_utils.o
    0x08011f2c   0x08011f2c   0x0000001c   Code   RO        10380    i.fls               kfifo.o
    0x08011f48   0x08011f48   0x00000018   Code   RO        10331    i.fputc             common_1.o
    0x08011f60   0x08011f60   0x0000008c   Code   RO        13233    i.frexp             m_wv.l(frexp.o)
    0x08011fec   0x08011fec   0x000000d8   Code   RO         9525    i.get_fmt_enabled   elog.o
    0x080120c4   0x080120c4   0x00000064   Code   RO        12299    i.get_system_ticks  perf_counter.o
    0x08012128   0x08012128   0x00000050   Code   RO        12300    i.get_system_us     perf_counter.o
    0x08012178   0x08012178   0x00000084   Code   RO        12301    i.init_cycle_counter  perf_counter.o
    0x080121fc   0x080121fc   0x00000200   Code   RO        11178    i.ins330_analysis_packet  ins330.o
    0x080123fc   0x080123fc   0x00000094   Code   RO        11179    i.ins330_handle     ins330.o
    0x08012490   0x08012490   0x0000000e   Code   RO        11180    i.ins330_init       ins330.o
    0x0801249e   0x0801249e   0x00000002   PAD
    0x080124a0   0x080124a0   0x00000104   Code   RO        11181    i.ins330_show_test  ins330.o
    0x080125a4   0x080125a4   0x00000036   Code   RO        10381    i.is_power_of_2     kfifo.o
    0x080125da   0x080125da   0x00000064   Code   RO        10382    i.kfifo_alloc       kfifo.o
    0x0801263e   0x0801263e   0x00000010   Code   RO        10583    i.kfifo_get_free    com_component.o
    0x0801264e   0x0801264e   0x0000000a   Code   RO        10584    i.kfifo_get_used    com_component.o
    0x08012658   0x08012658   0x0000000a   Code   RO        10970    i.kfifo_get_used    com_component_uart.o
    0x08012662   0x08012662   0x0000003e   Code   RO        10383    i.kfifo_init        kfifo.o
    0x080126a0   0x080126a0   0x0000002c   Code   RO        10585    i.kfifo_put         com_component.o
    0x080126cc   0x080126cc   0x0000000c   Code   RO        10384    i.kfree             kfifo.o
    0x080126d8   0x080126d8   0x0000000c   Code   RO        10385    i.kmalloc           kfifo.o
    0x080126e4   0x080126e4   0x00000054   Code   RO        10777    i.ll_iic_rx         sht30.o
    0x08012738   0x08012738   0x00000054   Code   RO        10778    i.ll_iic_tx         sht30.o
    0x0801278c   0x0801278c   0x00000016   Code   RO        10481    i.ll_uart_rx        com_uart_port.o
    0x080127a2   0x080127a2   0x00000002   PAD
    0x080127a4   0x080127a4   0x00000068   Code   RO        10482    i.ll_uart_tx        com_uart_port.o
    0x0801280c   0x0801280c   0x00000190   Code   RO           17    i.main              main.o
    0x0801299c   0x0801299c   0x0000002c   Code   RO         9866    i.make_address_byte_array  sfud.o
    0x080129c8   0x080129c8   0x0000001e   Code   RO         8129    i.osDelay           cmsis_os2.o
    0x080129e6   0x080129e6   0x00000046   Code   RO         8134    i.osEventFlagsNew   cmsis_os2.o
    0x08012a2c   0x08012a2c   0x0000005c   Code   RO         8135    i.osEventFlagsSet   cmsis_os2.o
    0x08012a88   0x08012a88   0x0000002c   Code   RO         8143    i.osKernelInitialize  cmsis_os2.o
    0x08012ab4   0x08012ab4   0x00000060   Code   RO         8146    i.osKernelStart     cmsis_os2.o
    0x08012b14   0x08012b14   0x000000b2   Code   RO         8169    i.osMutexNew        cmsis_os2.o
    0x08012bc6   0x08012bc6   0x000000cc   Code   RO         8174    i.osSemaphoreNew    cmsis_os2.o
    0x08012c92   0x08012c92   0x000000b8   Code   RO         8188    i.osThreadNew       cmsis_os2.o
    0x08012d4a   0x08012d4a   0x00000002   PAD
    0x08012d4c   0x08012d4c   0x0000015c   Code   RO         9867    i.page256_or_1_byte_write  sfud.o
    0x08012ea8   0x08012ea8   0x0000007c   Code   RO         7563    i.prvAddCurrentTaskToDelayedList  tasks.o
    0x08012f24   0x08012f24   0x000000b8   Code   RO         7564    i.prvAddNewTaskToReadyList  tasks.o
    0x08012fdc   0x08012fdc   0x00000074   Code   RO         7939    i.prvCheckForValidListAndQueue  timers.o
    0x08013050   0x08013050   0x00000048   Code   RO         7565    i.prvCheckTasksWaitingTermination  tasks.o
    0x08013098   0x08013098   0x0000002a   Code   RO         7150    i.prvCopyDataFromQueue  queue.o
    0x080130c2   0x080130c2   0x0000007e   Code   RO         7151    i.prvCopyDataToQueue  queue.o
    0x08013140   0x08013140   0x00000050   Code   RO         7566    i.prvDeleteTCB      tasks.o
    0x08013190   0x08013190   0x00000028   Code   RO         7940    i.prvGetNextExpireTime  timers.o
    0x080131b8   0x080131b8   0x0000007c   Code   RO         8660    i.prvHeapInit       heap_4.o
    0x08013234   0x08013234   0x00000028   Code   RO         7567    i.prvIdleTask       tasks.o
    0x0801325c   0x0801325c   0x0000001e   Code   RO         7153    i.prvInitialiseMutex  queue.o
    0x0801327a   0x0801327a   0x0000002a   Code   RO         7154    i.prvInitialiseNewQueue  queue.o
    0x080132a4   0x080132a4   0x000000be   Code   RO         7568    i.prvInitialiseNewTask  tasks.o
    0x08013362   0x08013362   0x00000002   PAD
    0x08013364   0x08013364   0x00000068   Code   RO         7569    i.prvInitialiseTaskLists  tasks.o
    0x080133cc   0x080133cc   0x00000068   Code   RO         8661    i.prvInsertBlockIntoFreeList  heap_4.o
    0x08013434   0x08013434   0x00000058   Code   RO         7942    i.prvInsertTimerInActiveList  timers.o
    0x0801348c   0x0801348c   0x0000001a   Code   RO         7155    i.prvIsQueueEmpty   queue.o
    0x080134a6   0x080134a6   0x0000001e   Code   RO         7156    i.prvIsQueueFull    queue.o
    0x080134c4   0x080134c4   0x00000074   Code   RO         7943    i.prvProcessExpiredTimer  timers.o
    0x08013538   0x08013538   0x00000164   Code   RO         7944    i.prvProcessReceivedCommands  timers.o
    0x0801369c   0x0801369c   0x00000074   Code   RO         7945    i.prvProcessTimerOrBlockTask  timers.o
    0x08013710   0x08013710   0x00000034   Code   RO         7571    i.prvResetNextTaskUnblockTime  tasks.o
    0x08013744   0x08013744   0x0000002c   Code   RO         7946    i.prvSampleTimeNow  timers.o
    0x08013770   0x08013770   0x000000a4   Code   RO         7947    i.prvSwitchTimerLists  timers.o
    0x08013814   0x08013814   0x00000040   Code   RO         8716    i.prvTaskExitError  port.o
    0x08013854   0x08013854   0x0000001a   Code   RO         7948    i.prvTimerTask      timers.o
    0x0801386e   0x0801386e   0x0000007e   Code   RO         7157    i.prvUnlockQueue    queue.o
    0x080138ec   0x080138ec   0x0000014c   Code   RO         8662    i.pvPortMalloc      heap_4.o
    0x08013a38   0x08013a38   0x0000002c   Code   RO         8717    i.pxPortInitialiseStack  port.o
    0x08013a64   0x08013a64   0x00000080   Code   RO         8795    i.reboot            commend.o
    0x08013ae4   0x08013ae4   0x00000012   Code   RO        10386    i.roundup_pow_of_two  kfifo.o
    0x08013af6   0x08013af6   0x00000002   PAD
    0x08013af8   0x08013af8   0x000000b0   Code   RO         9872    i.set_write_enabled  sfud.o
    0x08013ba8   0x08013ba8   0x000000f8   Code   RO         8796    i.sfud              commend.o
    0x08013ca0   0x08013ca0   0x000000c8   Code   RO         9873    i.sfud_chip_erase   sfud.o
    0x08013d68   0x08013d68   0x00000204   Code   RO        10077    i.sfud_demo         sfud_port.o
    0x08013f6c   0x08013f6c   0x0000018c   Code   RO         9875    i.sfud_erase        sfud.o
    0x080140f8   0x080140f8   0x00000008   Code   RO         9879    i.sfud_get_device_table  sfud.o
    0x08014100   0x08014100   0x0000007c   Code   RO        10079    i.sfud_log_info     sfud_port.o
    0x0801417c   0x0801417c   0x000000c8   Code   RO         9882    i.sfud_read         sfud.o
    0x08014244   0x08014244   0x0000001e   Code   RO         9883    i.sfud_read_status  sfud.o
    0x08014262   0x08014262   0x00000056   Code   RO        10029    i.sfud_sfdp_get_suitable_eraser  sfud_sfdp.o
    0x080142b8   0x080142b8   0x00000024   Code   RO        10081    i.sfud_test         sfud_port.o
    0x080142dc   0x080142dc   0x0000004c   Code   RO         9884    i.sfud_write        sfud.o
    0x08014328   0x08014328   0x00000028   Code   RO         8906    i.shellAdd          shell.o
    0x08014350   0x08014350   0x0000000e   Code   RO         8907    i.shellBackspace    shell.o
    0x0801435e   0x0801435e   0x00000002   PAD
    0x08014360   0x08014360   0x00000044   Code   RO         8908    i.shellCheckPassword  shell.o
    0x080143a4   0x080143a4   0x0000003a   Code   RO         8909    i.shellCheckPermission  shell.o
    0x080143de   0x080143de   0x00000002   PAD
    0x080143e0   0x080143e0   0x0000001c   Code   RO         8910    i.shellClear        shell.o
    0x080143fc   0x080143fc   0x00000028   Code   RO         8911    i.shellClearCommandLine  shell.o
    0x08014424   0x08014424   0x00000012   Code   RO         8912    i.shellCmds         shell.o
    0x08014436   0x08014436   0x00000010   Code   RO         8913    i.shellDelete       shell.o
    0x08014446   0x08014446   0x000000da   Code   RO         8914    i.shellDeleteByte   shell.o
    0x08014520   0x08014520   0x00000020   Code   RO         8915    i.shellDeleteCommandLine  shell.o
    0x08014540   0x08014540   0x00000010   Code   RO         8916    i.shellDown         shell.o
    0x08014550   0x08014550   0x00000014   Code   RO         8917    i.shellEnter        shell.o
    0x08014564   0x08014564   0x00000074   Code   RO         8918    i.shellExec         shell.o
    0x080145d8   0x080145d8   0x00000058   Code   RO         9358    i.shellExtNumType   shell_ext.o
    0x08014630   0x08014630   0x00000046   Code   RO         9359    i.shellExtParseChar  shell_ext.o
    0x08014676   0x08014676   0x00000002   PAD
    0x08014678   0x08014678   0x000000ec   Code   RO         9360    i.shellExtParseNumber  shell_ext.o
    0x08014764   0x08014764   0x00000056   Code   RO         9361    i.shellExtParsePara  shell_ext.o
    0x080147ba   0x080147ba   0x0000004a   Code   RO         9362    i.shellExtParseString  shell_ext.o
    0x08014804   0x08014804   0x00000024   Code   RO         9363    i.shellExtParseVar  shell_ext.o
    0x08014828   0x08014828   0x000000ca   Code   RO         9364    i.shellExtRun       shell_ext.o
    0x080148f2   0x080148f2   0x00000036   Code   RO         9365    i.shellExtToNum     shell_ext.o
    0x08014928   0x08014928   0x00000030   Code   RO         8919    i.shellGetCommandDesc  shell.o
    0x08014958   0x08014958   0x00000050   Code   RO         8920    i.shellGetCommandName  shell.o
    0x080149a8   0x080149a8   0x00000034   Code   RO         8921    i.shellGetCurrent   shell.o
    0x080149dc   0x080149dc   0x00000054   Code   RO         8922    i.shellGetVarValue  shell.o
    0x08014a30   0x08014a30   0x00000108   Code   RO         8923    i.shellHandler      shell.o
    0x08014b38   0x08014b38   0x0000002c   Code   RO         8924    i.shellHelp         shell.o
    0x08014b64   0x08014b64   0x000000c2   Code   RO         8925    i.shellHistory      shell.o
    0x08014c26   0x08014c26   0x0000007a   Code   RO         8926    i.shellHistoryAdd   shell.o
    0x08014ca0   0x08014ca0   0x000000a0   Code   RO         8927    i.shellInit         shell.o
    0x08014d40   0x08014d40   0x000000d8   Code   RO         8928    i.shellInsertByte   shell.o
    0x08014e18   0x08014e18   0x00000012   Code   RO         8929    i.shellKeys         shell.o
    0x08014e2a   0x08014e2a   0x0000001a   Code   RO         8930    i.shellLeft         shell.o
    0x08014e44   0x08014e44   0x0000000c   Code   RO         8931    i.shellListAll      shell.o
    0x08014e50   0x08014e50   0x0000004c   Code   RO         8932    i.shellListCommand  shell.o
    0x08014e9c   0x08014e9c   0x0000010c   Code   RO         8933    i.shellListItem     shell.o
    0x08014fa8   0x08014fa8   0x00000058   Code   RO         8934    i.shellListKey      shell.o
    0x08015000   0x08015000   0x00000058   Code   RO         8935    i.shellListUser     shell.o
    0x08015058   0x08015058   0x00000058   Code   RO         8936    i.shellListVar      shell.o
    0x080150b0   0x080150b0   0x0000001c   Code   RO         8937    i.shellNormalInput  shell.o
    0x080150cc   0x080150cc   0x0000008e   Code   RO         8938    i.shellParserParam  shell.o
    0x0801515a   0x0801515a   0x00000068   Code   RO         8941    i.shellRemoveParamQuotes  shell.o
    0x080151c2   0x080151c2   0x0000001e   Code   RO         8942    i.shellRight        shell.o
    0x080151e0   0x080151e0   0x000000ae   Code   RO         8944    i.shellRunCommand   shell.o
    0x0801528e   0x0801528e   0x0000007a   Code   RO         8946    i.shellSeekCommand  shell.o
    0x08015308   0x08015308   0x0000005c   Code   RO         8947    i.shellSetUser      shell.o
    0x08015364   0x08015364   0x00000070   Code   RO         8948    i.shellSetVar       shell.o
    0x080153d4   0x080153d4   0x00000090   Code   RO         8949    i.shellSetVarValue  shell.o
    0x08015464   0x08015464   0x000000c0   Code   RO         8950    i.shellShowVar      shell.o
    0x08015524   0x08015524   0x0000002c   Code   RO         8951    i.shellStringCompare  shell.o
    0x08015550   0x08015550   0x00000018   Code   RO         8952    i.shellStringCopy   shell.o
    0x08015568   0x08015568   0x00000160   Code   RO         8953    i.shellTab          shell.o
    0x080156c8   0x080156c8   0x00000024   Code   RO         8954    i.shellTask         shell.o
    0x080156ec   0x080156ec   0x00000056   Code   RO         8955    i.shellToDec        shell.o
    0x08015742   0x08015742   0x00000038   Code   RO         8956    i.shellToHex        shell.o
    0x0801577a   0x0801577a   0x0000000e   Code   RO         8957    i.shellUp           shell.o
    0x08015788   0x08015788   0x00000012   Code   RO         8958    i.shellUsers        shell.o
    0x0801579a   0x0801579a   0x00000012   Code   RO         8959    i.shellVars         shell.o
    0x080157ac   0x080157ac   0x0000000e   Code   RO         8960    i.shellWriteByte    shell.o
    0x080157ba   0x080157ba   0x00000002   PAD
    0x080157bc   0x080157bc   0x0000005c   Code   RO         8961    i.shellWriteCommandDesc  shell.o
    0x08015818   0x08015818   0x0000006c   Code   RO         8962    i.shellWriteCommandHelp  shell.o
    0x08015884   0x08015884   0x00000068   Code   RO         8964    i.shellWritePrompt  shell.o
    0x080158ec   0x080158ec   0x0000008c   Code   RO         8965    i.shellWriteReturnValue  shell.o
    0x08015978   0x08015978   0x00000030   Code   RO         8966    i.shellWriteString  shell.o
    0x080159a8   0x080159a8   0x00000020   Code   RO        10781    i.sht30_init        sht30.o
    0x080159c8   0x080159c8   0x00000008   Code   RO        10387    i.spin_lock_irqrestore  kfifo.o
    0x080159d0   0x080159d0   0x00000008   Code   RO        10388    i.spin_unlock_irqrestore  kfifo.o
    0x080159d8   0x080159d8   0x00000150   Code   RO         8797    i.tim_ctrl          commend.o
    0x08015b28   0x08015b28   0x0000004e   Code   RO        11061    i.tim_pwm_get_cmp   tim_pwm.o
    0x08015b76   0x08015b76   0x00000002   PAD
    0x08015b78   0x08015b78   0x0000007c   Code   RO        11062    i.tim_pwm_get_duty  tim_pwm.o
    0x08015bf4   0x08015bf4   0x0000005a   Code   RO        11063    i.tim_pwm_get_freq  tim_pwm.o
    0x08015c4e   0x08015c4e   0x0000000a   Code   RO        11065    i.tim_pwm_get_reload  tim_pwm.o
    0x08015c58   0x08015c58   0x0000006c   Code   RO        11066    i.tim_pwm_init      tim_pwm.o
    0x08015cc4   0x08015cc4   0x0000011c   Code   RO        11067    i.tim_pwm_set_duty  tim_pwm.o
    0x08015de0   0x08015de0   0x00000120   Code   RO        11068    i.tim_pwm_set_freq  tim_pwm.o
    0x08015f00   0x08015f00   0x000000d4   Code   RO         8798    i.time              commend.o
    0x08015fd4   0x08015fd4   0x00000078   Code   RO        12311    i.update_perf_counter  perf_counter.o
    0x0801604c   0x0801604c   0x0000005c   Code   RO         9419    i.userShellInit     shell_port.o
    0x080160a8   0x080160a8   0x00000006   Code   RO         9420    i.userShellLock     shell_port.o
    0x080160ae   0x080160ae   0x00000002   PAD
    0x080160b0   0x080160b0   0x00000040   Code   RO         9421    i.userShellRead     shell_port.o
    0x080160f0   0x080160f0   0x00000006   Code   RO         9422    i.userShellUnlock   shell_port.o
    0x080160f6   0x080160f6   0x00000002   PAD
    0x080160f8   0x080160f8   0x00000034   Code   RO         9423    i.userShellWrite    shell_port.o
    0x0801612c   0x0801612c   0x00000028   Code   RO         7110    i.uxListRemove      list.o
    0x08016154   0x08016154   0x00000018   Code   RO         8200    i.vApplicationGetIdleTaskMemory  cmsis_os2.o
    0x0801616c   0x0801616c   0x00000018   Code   RO         8201    i.vApplicationGetTimerTaskMemory  cmsis_os2.o
    0x08016184   0x08016184   0x00000010   Code   RO         6992    i.vEventGroupSetBitsCallback  event_groups.o
    0x08016194   0x08016194   0x0000001a   Code   RO         7111    i.vListInitialise   list.o
    0x080161ae   0x080161ae   0x00000006   Code   RO         7112    i.vListInitialiseItem  list.o
    0x080161b4   0x080161b4   0x00000034   Code   RO         7113    i.vListInsert       list.o
    0x080161e8   0x080161e8   0x00000018   Code   RO         7114    i.vListInsertEnd    list.o
    0x08016200   0x08016200   0x00000054   Code   RO         8719    i.vPortEnterCritical  port.o
    0x08016254   0x08016254   0x0000003c   Code   RO         8720    i.vPortExitCritical  port.o
    0x08016290   0x08016290   0x000000a4   Code   RO         8663    i.vPortFree         heap_4.o
    0x08016334   0x08016334   0x00000028   Code   RO         8721    i.vPortSetupTimerInterrupt  port.o
    0x0801635c   0x0801635c   0x00000078   Code   RO         8722    i.vPortValidateInterruptPriority  port.o
    0x080163d4   0x080163d4   0x0000002c   Code   RO         7163    i.vQueueAddToRegistry  queue.o
    0x08016400   0x08016400   0x00000032   Code   RO         7164    i.vQueueDelete      queue.o
    0x08016432   0x08016432   0x00000002   PAD
    0x08016434   0x08016434   0x00000030   Code   RO         7166    i.vQueueUnregisterQueue  queue.o
    0x08016464   0x08016464   0x0000004a   Code   RO         7167    i.vQueueWaitForMessageRestricted  queue.o
    0x080164ae   0x080164ae   0x00000002   PAD
    0x080164b0   0x080164b0   0x0000005c   Code   RO         7584    i.vTaskDelay        tasks.o
    0x0801650c   0x0801650c   0x00000018   Code   RO         7589    i.vTaskInternalSetTimeOutState  tasks.o
    0x08016524   0x08016524   0x0000000c   Code   RO         7590    i.vTaskMissedYield  tasks.o
    0x08016530   0x08016530   0x00000038   Code   RO         7592    i.vTaskPlaceOnEventList  tasks.o
    0x08016568   0x08016568   0x00000040   Code   RO         7593    i.vTaskPlaceOnEventListRestricted  tasks.o
    0x080165a8   0x080165a8   0x000000a0   Code   RO         7597    i.vTaskRemoveFromUnorderedEventList  tasks.o
    0x08016648   0x08016648   0x000000b8   Code   RO         7601    i.vTaskStartScheduler  tasks.o
    0x08016700   0x08016700   0x00000010   Code   RO         7603    i.vTaskSuspendAll   tasks.o
    0x08016710   0x08016710   0x00000090   Code   RO         7604    i.vTaskSwitchContext  tasks.o
    0x080167a0   0x080167a0   0x000003b4   Code   RO         8799    i.var               commend.o
    0x08016b54   0x08016b54   0x00000074   Code   RO         8801    i.var_init          commend.o
    0x08016bc8   0x08016bc8   0x00000070   Code   RO         8802    i.var_register      commend.o
    0x08016c38   0x08016c38   0x00000074   Code   RO         9887    i.wait_busy         sfud.o
    0x08016cac   0x08016cac   0x0000001e   Code   RO         6996    i.xEventGroupCreate  event_groups.o
    0x08016cca   0x08016cca   0x0000005a   Code   RO         6997    i.xEventGroupCreateStatic  event_groups.o
    0x08016d24   0x08016d24   0x000000ce   Code   RO         6999    i.xEventGroupSetBits  event_groups.o
    0x08016df2   0x08016df2   0x00000002   PAD
    0x08016df4   0x08016df4   0x00000024   Code   RO         7000    i.xEventGroupSetBitsFromISR  event_groups.o
    0x08016e18   0x08016e18   0x00000168   Code   RO         8723    i.xPortStartScheduler  port.o
    0x08016f80   0x08016f80   0x00000034   Code   RO         8724    i.xPortSysTickHandler  port.o
    0x08016fb4   0x08016fb4   0x0000005c   Code   RO         7168    i.xQueueCreateCountingSemaphore  queue.o
    0x08017010   0x08017010   0x00000064   Code   RO         7169    i.xQueueCreateCountingSemaphoreStatic  queue.o
    0x08017074   0x08017074   0x00000022   Code   RO         7170    i.xQueueCreateMutex  queue.o
    0x08017096   0x08017096   0x0000002a   Code   RO         7171    i.xQueueCreateMutexStatic  queue.o
    0x080170c0   0x080170c0   0x0000005a   Code   RO         7172    i.xQueueGenericCreate  queue.o
    0x0801711a   0x0801711a   0x000000e0   Code   RO         7173    i.xQueueGenericCreateStatic  queue.o
    0x080171fa   0x080171fa   0x00000002   PAD
    0x080171fc   0x080171fc   0x00000098   Code   RO         7174    i.xQueueGenericReset  queue.o
    0x08017294   0x08017294   0x000001a8   Code   RO         7175    i.xQueueGenericSend  queue.o
    0x0801743c   0x0801743c   0x000000fc   Code   RO         7176    i.xQueueGenericSendFromISR  queue.o
    0x08017538   0x08017538   0x00000168   Code   RO         7185    i.xQueueReceive     queue.o
    0x080176a0   0x080176a0   0x0000008c   Code   RO         7606    i.xTaskCheckForTimeOut  tasks.o
    0x0801772c   0x0801772c   0x00000064   Code   RO         7607    i.xTaskCreate       tasks.o
    0x08017790   0x08017790   0x000000ba   Code   RO         7608    i.xTaskCreateStatic  tasks.o
    0x0801784a   0x0801784a   0x00000002   PAD
    0x0801784c   0x0801784c   0x00000020   Code   RO         7612    i.xTaskGetSchedulerState  tasks.o
    0x0801786c   0x0801786c   0x0000000c   Code   RO         7613    i.xTaskGetTickCount  tasks.o
    0x08017878   0x08017878   0x00000144   Code   RO         7615    i.xTaskIncrementTick  tasks.o
    0x080179bc   0x080179bc   0x000000a4   Code   RO         7618    i.xTaskPriorityDisinherit  tasks.o
    0x08017a60   0x08017a60   0x00000098   Code   RO         7620    i.xTaskRemoveFromEventList  tasks.o
    0x08017af8   0x08017af8   0x00000104   Code   RO         7621    i.xTaskResumeAll    tasks.o
    0x08017bfc   0x08017bfc   0x00000078   Code   RO         7957    i.xTimerCreateTimerTask  timers.o
    0x08017c74   0x08017c74   0x00000084   Code   RO         7958    i.xTimerGenericCommand  timers.o
    0x08017cf8   0x08017cf8   0x00000034   Code   RO         7964    i.xTimerPendFunctionCallFromISR  timers.o
    0x08017d2c   0x08017d2c   0x0000002c   Code   RO        13105    locale$$code        c_w.l(lc_ctype_c.o)
    0x08017d58   0x08017d58   0x0000002c   Code   RO        13108    locale$$code        c_w.l(lc_numeric_c.o)
    0x08017d84   0x08017d84   0x00000010   Code   RO        13298    x$fpl$dcheck1       fz_wv.l(dcheck1.o)
    0x08017d94   0x08017d94   0x00000060   Code   RO        12864    x$fpl$ffltll        fz_wv.l(ffltll_clz.o)
    0x08017df4   0x08017df4   0x0000000a   Code   RO        13119    x$fpl$fpinit        fz_wv.l(fpinit.o)
    0x08017dfe   0x08017dfe   0x00000006   Code   RO        13179    x$fpl$ieeestatus    fz_wv.l(istatus.o)
    0x08017e04   0x08017e04   0x00000004   Code   RO        13029    x$fpl$printf1       fz_wv.l(printf1.o)
    0x08017e08   0x08017e08   0x00000004   Code   RO        13031    x$fpl$printf2       fz_wv.l(printf2.o)
    0x08017e0c   0x08017e0c   0x00000064   Code   RO        13300    x$fpl$retnan        fz_wv.l(retnan.o)
    0x08017e70   0x08017e70   0x0000005c   Code   RO        13281    x$fpl$scalbn        fz_wv.l(scalbn.o)
    0x08017ecc   0x08017ecc   0x00000004   Code   RO        13037    x$fpl$scanf1        fz_wv.l(scanf1.o)
    0x08017ed0   0x08017ed0   0x00000008   Code   RO        13181    x$fpl$scanf2        fz_wv.l(scanf2.o)
    0x08017ed8   0x08017ed8   0x00000030   Code   RO        13302    x$fpl$trapveneer    fz_wv.l(trapv.o)
    0x08017f08   0x08017f08   0x00000000   Code   RO        13039    x$fpl$usenofp       fz_wv.l(usenofp.o)
    0x08017f08   0x08017f08   0x000000aa   Data   RO          552    .constdata          freertos.o
    0x08017fb2   0x08017fb2   0x00000008   Data   RO         2469    .constdata          stm32h7xx_hal_dma.o
    0x08017fba   0x08017fba   0x00000018   Data   RO         6439    .constdata          stm32h7xx_hal_uart.o
    0x08017fd2   0x08017fd2   0x00000010   Data   RO         6810    .constdata          stm32h7xx_hal_uart_ex.o
    0x08017fe2   0x08017fe2   0x00000010   Data   RO         6919    .constdata          system_stm32h7xx.o
    0x08017ff2   0x08017ff2   0x000000a8   Data   RO         8804    .constdata          commend.o
    0x0801809a   0x0801809a   0x00000002   PAD
    0x0801809c   0x0801809c   0x000000fa   Data   RO         8968    .constdata          shell.o
    0x08018196   0x08018196   0x000000e2   Data   RO         9527    .constdata          elog.o
    0x08018278   0x08018278   0x00000023   Data   RO         9685    .constdata          elog_utils.o
    0x0801829b   0x0801829b   0x00000036   Data   RO        10087    .constdata          sfud_port.o
    0x080182d1   0x080182d1   0x00000028   Data   RO        10586    .constdata          com_component.o
    0x080182f9   0x080182f9   0x0000001c   Data   RO        10869    .constdata          com_component_i2c.o
    0x08018315   0x08018315   0x00000011   Data   RO        11073    .constdata          tim_pwm.o
    0x08018326   0x08018326   0x00000011   Data   RO        11182    .constdata          ins330.o
    0x08018337   0x08018337   0x00000028   Data   RO        12793    .constdata          c_w.l(_printf_hex_int_ll_ptr.o)
    0x0801835f   0x0801835f   0x00000011   Data   RO        12813    .constdata          c_w.l(__printf_flags_ss_wp.o)
    0x08018370   0x08018370   0x00000008   Data   RO        12932    .constdata          c_w.l(_printf_wctomb.o)
    0x08018378   0x08018378   0x00000026   Data   RO        13082    .constdata          c_w.l(_printf_fp_hex.o)
    0x0801839e   0x0801839e   0x00000002   PAD
    0x080183a0   0x080183a0   0x00000094   Data   RO        13131    .constdata          c_w.l(bigflt0.o)
    0x08018434   0x08018434   0x0000009e   Data   RO          553    .conststring        freertos.o
    0x080184d2   0x080184d2   0x00000002   PAD
    0x080184d4   0x080184d4   0x000002a1   Data   RO         8969    .conststring        shell.o
    0x08018775   0x08018775   0x00000003   PAD
    0x08018778   0x08018778   0x00000046   Data   RO         9528    .conststring        elog.o
    0x080187be   0x080187be   0x00000002   PAD
    0x080187c0   0x080187c0   0x00000015   Data   RO         9890    .conststring        sfud.o
    0x080187d5   0x080187d5   0x00000003   PAD
    0x080187d8   0x080187d8   0x00000123   Data   RO        10088    .conststring        sfud_port.o
    0x080188fb   0x080188fb   0x00000001   PAD
    0x080188fc   0x080188fc   0x00000214   Data   RO        11183    .conststring        ins330.o
    0x08018b10   0x08018b10   0x00000020   Data   RO        13304    Region$$Table       anon$$obj.o
    0x08018b30   0x08018b30   0x00000008   Data   RO        13175    c$$dinf             fz_wv.l(fpconst.o)
    0x08018b38   0x08018b38   0x00000008   Data   RO        13178    c$$dmax             fz_wv.l(fpconst.o)
    0x08018b40   0x08018b40   0x00000110   Data   RO        13104    locale$$data        c_w.l(lc_ctype_c.o)
    0x08018c50   0x08018c50   0x0000001c   Data   RO        13107    locale$$data        c_w.l(lc_numeric_c.o)
    0x08018c6c   0x08018c6c   0x00000050   Data   RO         8806    shellCommand        commend.o
    0x08018cbc   0x08018cbc   0x00000120   Data   RO         8971    shellCommand        shell.o
    0x08018ddc   0x08018ddc   0x00000004   Data   RO        12314    .init_array         perf_counter.o
    0x08018de0   0x08018ddc   0x00000000   Data   RO        12859    .init_array         c_w.l(init_aeabi.o)


    Execution Region RW_IRAM2 (Exec base: 0x24000000, Load base: 0x08018de0, Size: 0x0002e908, Max: 0x00100000, ABSOLUTE, COMPRESSED[0x000000c4])

    Exec Addr    Load Addr    Size         Type   Attr      Idx    E Section Name        Object

    0x24000000   COMPRESSED   0x00000080   Data   RW          554    .data               freertos.o
    0x24000080   COMPRESSED   0x00000009   Data   RW         3390    .data               stm32h7xx_hal.o
    0x24000089   COMPRESSED   0x00000003   PAD
    0x2400008c   COMPRESSED   0x00000008   Data   RW         6920    .data               system_stm32h7xx.o
    0x24000094   COMPRESSED   0x0000003c   Data   RW         7624    .data               tasks.o
    0x240000d0   COMPRESSED   0x00000014   Data   RW         7966    .data               timers.o
    0x240000e4   COMPRESSED   0x00000004   Data   RW         8203    .data               cmsis_os2.o
    0x240000e8   COMPRESSED   0x00000020   Data   RW         8669    .data               heap_4.o
    0x24000108   COMPRESSED   0x0000000c   Data   RW         8725    .data               port.o
    0x24000114   COMPRESSED   0x00000004   PAD
    0x24000118   COMPRESSED   0x0000001c   Data   RW         8805    .data               commend.o
    0x24000134   COMPRESSED   0x00000054   Data   RW         8970    .data               shell.o
    0x24000188   COMPRESSED   0x00000034   Data   RW         9529    .data               elog.o
    0x240001bc   COMPRESSED   0x00000080   Data   RW         9891    .data               sfud.o
    0x2400023c   COMPRESSED   0x00000004   Data   RW        10333    .data               common_1.o
    0x24000240   COMPRESSED   0x00000002   Data   RW        10787    .data               sht30.o
    0x24000242   COMPRESSED   0x00000002   PAD
    0x24000244   COMPRESSED   0x00000004   Data   RW        11184    .data               ins330.o
    0x24000248   COMPRESSED   0x00000038   Data   RW        12313    .data               perf_counter.o
    0x24000280        -       0x000006ec   Zero   RW          551    .bss                freertos.o
    0x2400096c        -       0x000000dc   Zero   RW          643    .bss                adc.o
    0x24000a48        -       0x00000068   Zero   RW          712    .bss                dma2d.o
    0x24000ab0        -       0x00000144   Zero   RW          754    .bss                i2c.o
    0x24000bf4        -       0x000000a8   Zero   RW          796    .bss                ltdc.o
    0x24000c9c        -       0x0000005c   Zero   RW          838    .bss                octospi.o
    0x24000cf8        -       0x00000088   Zero   RW          880    .bss                spi.o
    0x24000d80        -       0x0000004c   Zero   RW          923    .bss                tim.o
    0x24000dcc        -       0x00000308   Zero   RW          971    .bss                usart.o
    0x240010d4        -       0x0000004c   Zero   RW         1196    .bss                stm32h7xx_hal_timebase_tim.o
    0x24001120        -       0x00000040   Zero   RW         7189    .bss                queue.o
    0x24001160        -       0x000004c4   Zero   RW         7623    .bss                tasks.o
    0x24001624        -       0x00000118   Zero   RW         7965    .bss                timers.o
    0x2400173c        -       0x000006b8   Zero   RW         8202    .bss                cmsis_os2.o
    0x24001df4        -       0x00003c00   Zero   RW         8668    .bss                heap_4.o
    0x240059f4        -       0x0000001d   Zero   RW         8967    .bss                shell.o
    0x24005a11   COMPRESSED   0x00000003   PAD
    0x24005a14        -       0x00000278   Zero   RW         9424    .bss                shell_port.o
    0x24005c8c        -       0x000004a4   Zero   RW         9526    .bss                elog.o
    0x24006130        -       0x00000105   Zero   RW         9888    .bss                sfud.o
    0x24006235        -       0x00000500   Zero   RW        10086    .bss                sfud_port.o
    0x24006735   COMPRESSED   0x00000003   PAD
    0x24006738        -       0x000000e8   Zero   RW        10483    .bss                com_uart_port.o
    0x24006820        -       0x00000074   Zero   RW        10785    .bss                sht30.o
    0x24006894        -       0x00000014   Zero   RW        11072    .bss                tim_pwm.o
    0x240068a8        -       0x00000060   Zero   RW        13043    .bss                c_w.l(libspace.o)
    0x24006908        -       0x00016000   Zero   RW            2    HEAP                startup_stm32h7b0xx.o
    0x2401c908        -       0x00012000   Zero   RW            1    STACK               startup_stm32h7b0xx.o


==============================================================================

Image component sizes


      Code (inc. data)   RO Data    RW Data    ZI Data      Debug   Object Name

       328         34          0          0        220       1899   adc.o
       974         42          0          4       1720      74889   cmsis_os2.o
      1500        390         40          0          0      18087   com_component.o
       790        234         28          0          0       9663   com_component_i2c.o
       276          0          0          0          0       8963   com_component_uart.o
      1046         56          0          0        232      42861   com_uart_port.o
      2100        666        248         28          0      13835   commend.o
        32          4          0          4          0       3629   common_1.o
         0          0          0          0          0       7032   croutine.o
       148          4          0          0          0        918   dma.o
       144         20          0          0        104       1681   dma2d.o
      2888       1090        296         52       1188      17774   elog.o
        60         16          0          0          0       3921   elog_port.o
       268        104         35          0          0       2257   elog_utils.o
       378          6          0          0          0      25224   event_groups.o
       592        200        328        128       1772       6913   freertos.o
       284         16          0          0          0    1218620   gpio.o
       724         74          0         32      15360       4943   heap_4.o
       472         42          0          0        324       2083   i2c.o
       934         78        549          4          0       3653   ins330.o
       652          0          0          0          0      10625   kfifo.o
       148          0          0          0          0       3654   list.o
       664         36          0          0        168       2278   ltdc.o
       700         24          0          0          0    1210034   main.o
       464         32          0          0         92       2151   octospi.o
       508         70          4         56          0      22402   perf_counter.o
      1014         92          0         12          0      11725   port.o
      2408         24          0          0         64      23853   queue.o
      1978        468         21        128        261      17223   sfud.o
       676        318        345          0       1280       9773   sfud_port.o
        86          0          0          0          0       5604   sfud_sfdp.o
      4906        238       1211         84         29      48092   shell.o
       846         12          0          0          0       6722   shell_ext.o
       222         50          0          0        632      12530   shell_port.o
       244         32          0          2        116       3778   sht30.o
       240         24          0          0        136       1785   spi.o
        64         26        684          0     163840        836   startup_stm32h7b0xx.o
       132         30          0          9          0      22142   stm32h7xx_hal.o
      4670        192          0          0          0      78570   stm32h7xx_hal_adc.o
        10          0          0          0          0       3693   stm32h7xx_hal_adc_ex.o
       326         30          0          0          0      39869   stm32h7xx_hal_cortex.o
      8916        180          8          0          0      14636   stm32h7xx_hal_dma.o
       758         12          0          0          0       4390   stm32h7xx_hal_dma2d.o
       540         52          0          0          0       2853   stm32h7xx_hal_gpio.o
      6272        128          0          0          0      29410   stm32h7xx_hal_i2c.o
       210          0          0          0          0       2055   stm32h7xx_hal_i2c_ex.o
      1152          6          0          0          0       5534   stm32h7xx_hal_ltdc.o
        48          6          0          0          0        922   stm32h7xx_hal_msp.o
      2372         38          0          0          0       5745   stm32h7xx_hal_ospi.o
        96          6          0          0          0        769   stm32h7xx_hal_pwr_ex.o
      3644        118          0          0          0       7633   stm32h7xx_hal_rcc.o
      7666        196          0          0          0      10623   stm32h7xx_hal_rcc_ex.o
      1370         18          0          0          0       7567   stm32h7xx_hal_spi.o
      3116        278          0          0          0      18044   stm32h7xx_hal_tim.o
       210         30          0          0          0       3264   stm32h7xx_hal_tim_ex.o
       148         20          0          0         76       1584   stm32h7xx_hal_timebase_tim.o
      4726        180         24          0          0      37577   stm32h7xx_hal_uart.o
       464         10         16          0          0       7041   stm32h7xx_hal_uart_ex.o
       278         96          0          0          0      10679   stm32h7xx_it.o
         0          0          0          0          0        392   stream_buffer.o
       788         74         16          8          0       2350   system_stm32h7xx.o
      2968        366          0         60       1220      28350   tasks.o
       332         32          0          0         76       2494   tim.o
      1322        104         17          0         20      43537   tim_pwm.o
      1370        128          0         20        280      33743   timers.o
       816         60          0          0        776       2967   usart.o

    ----------------------------------------------------------------------
     84588       6912       3915        640     189992    3290343   Object Totals
         0          0         32          0          0          0   (incl. Generated)
       110          0         13          9          6          0   (incl. Padding)

    ----------------------------------------------------------------------

      Code (inc. data)   RO Data    RW Data    ZI Data      Debug   Library Member Name

        24          4          0          0          0         84   __2printf.o
        56          6          0          0          0         88   __2snprintf.o
        90          0          0          0          0          0   __dczerorl2.o
         8          0          0          0          0         68   __main.o
       392          4         17          0          0         92   __printf_flags_ss_wp.o
        14          0          0          0          0         68   __printf_wp.o
         0          0          0          0          0          0   __rtentry.o
        12          0          0          0          0          0   __rtentry2.o
         6          0          0          0          0          0   __rtentry4.o
        52          8          0          0          0          0   __scatter.o
        28          0          0          0          0          0   __scatter_zi.o
        28          0          0          0          0         68   _chval.o
         6          0          0          0          0          0   _printf_a.o
         6          0          0          0          0          0   _printf_c.o
        44          0          0          0          0        108   _printf_char.o
        48          6          0          0          0         96   _printf_char_common.o
        36          4          0          0          0         80   _printf_char_file.o
        40          0          0          0          0         68   _printf_charcount.o
         6          0          0          0          0          0   _printf_d.o
       120         16          0          0          0         92   _printf_dec.o
         6          0          0          0          0          0   _printf_e.o
         6          0          0          0          0          0   _printf_f.o
      1054          0          0          0          0        216   _printf_fp_dec.o
       764          8         38          0          0        100   _printf_fp_hex.o
       128         16          0          0          0         84   _printf_fp_infnan.o
         6          0          0          0          0          0   _printf_g.o
       148          4         40          0          0        160   _printf_hex_int_ll_ptr.o
         6          0          0          0          0          0   _printf_i.o
       178          0          0          0          0         88   _printf_intcommon.o
        10          0          0          0          0          0   _printf_l.o
         6          0          0          0          0          0   _printf_lc.o
        10          0          0          0          0          0   _printf_ll.o
         6          0          0          0          0          0   _printf_lld.o
         6          0          0          0          0          0   _printf_lli.o
         6          0          0          0          0          0   _printf_llo.o
         6          0          0          0          0          0   _printf_llu.o
         6          0          0          0          0          0   _printf_llx.o
       124         16          0          0          0         92   _printf_longlong_dec.o
         6          0          0          0          0          0   _printf_ls.o
         6          0          0          0          0          0   _printf_n.o
         6          0          0          0          0          0   _printf_o.o
       112         10          0          0          0        124   _printf_oct_int_ll.o
         6          0          0          0          0          0   _printf_p.o
        78          0          0          0          0        108   _printf_pad.o
         0          0          0          0          0          0   _printf_percent.o
         4          0          0          0          0          0   _printf_percent_end.o
         6          0          0          0          0          0   _printf_s.o
        82          0          0          0          0         80   _printf_str.o
        36          0          0          0          0         84   _printf_truncate.o
         6          0          0          0          0          0   _printf_u.o
        44          0          0          0          0        108   _printf_wchar.o
       188          6          8          0          0         92   _printf_wctomb.o
         6          0          0          0          0          0   _printf_x.o
        22          0          0          0          0        100   _rserrno.o
        64          0          0          0          0         84   _sgetc.o
        16          0          0          0          0         68   _snputc.o
        10          0          0          0          0         68   _sputc.o
       158          0          0          0          0         92   _strtoul.o
        64          0          0          0          0         92   _wcrtomb.o
        16          0          0          0          0         68   aeabi_memset.o
        26          0          0          0          0         80   atoi.o
       228          4        148          0          0         96   bigflt0.o
      2152        136          0          0          0        960   btod.o
        10          0          0          0          0         68   defsig_exit.o
        50          0          0          0          0         88   defsig_general.o
        80         58          0          0          0         76   defsig_rtmem_inner.o
        14          0          0          0          0         80   defsig_rtmem_outer.o
        18          0          0          0          0         80   exit.o
         8          0          0          0          0         68   ferror.o
        94          0          0          0          0         80   h1_alloc.o
        52          0          0          0          0         68   h1_extend.o
        78          0          0          0          0         80   h1_free.o
        14          0          0          0          0         84   h1_init.o
         6          0          0          0          0        152   heapauxi.o
         4          0          0          0          0        136   hguard.o
        36         10          0          0          0         80   init_aeabi.o
       138          0          0          0          0        168   init_alloc.o
        18          0          0          0          0         76   isspace.o
        44         10        272          0          0         76   lc_ctype_c.o
        44         10         28          0          0         76   lc_numeric_c.o
         2          0          0          0          0          0   libinit.o
        46          0          0          0          0          0   libinit2.o
         2          0          0          0          0          0   libshutdown.o
         2          0          0          0          0          0   libshutdown2.o
         8          4          0          0         96         68   libspace.o
        38          0          0          0          0         68   llshl.o
       138          0          0          0          0         80   lludiv10.o
       238          0          0          0          0        100   lludivv7m.o
         0          0          0          0          0          0   maybetermalloc1.o
        16          4          0          0          0         76   rt_ctype_table.o
         8          4          0          0          0         68   rt_errno_addr_intlibspace.o
         8          4          0          0          0         68   rt_heap_descriptor_intlibspace.o
         8          4          0          0          0         68   rt_locale_intlibspace.o
        68          0          0          0          0         68   rt_memclr.o
        78          0          0          0          0         80   rt_memclr_w.o
       138          0          0          0          0         68   rt_memcpy_v6.o
       100          0          0          0          0         80   rt_memcpy_w.o
         2          0          0          0          0          0   rtexit.o
        10          0          0          0          0          0   rtexit2.o
      1272         16          0          0          0        168   scanf_fp.o
       800         14          0          0          0        100   scanf_hexfp.o
       308         16          0          0          0        100   scanf_infnan.o
       104          0          0          0          0         68   strcmpv7m_pel.o
        72          0          0          0          0         80   strcpy.o
        62          0          0          0          0         76   strlen.o
       150          0          0          0          0         80   strncmp.o
        36          0          0          0          0         80   strstr.o
       164         14          0          0          0        120   strtod.o
       112          0          0          0          0         88   strtol.o
        74          0          0          0          0         80   sys_stackheap_outer.o
         2          0          0          0          0         68   use_no_semi.o
         2          0          0          0          0         68   use_no_semi_2.o
        52          4          0          0          0         80   vsnprintf.o
        16          4          0          0          0        116   dcheck1.o
        96          0          0          0          0        132   ffltll_clz.o
         0          0         16          0          0          0   fpconst.o
        10          0          0          0          0        116   fpinit.o
         6          0          0          0          0        116   istatus.o
         4          0          0          0          0        116   printf1.o
         4          0          0          0          0        116   printf2.o
       100          0          0          0          0        116   retnan.o
        92          0          0          0          0        116   scalbn.o
         4          0          0          0          0        116   scanf1.o
         8          0          0          0          0        132   scanf2.o
        48          0          0          0          0        116   trapv.o
         0          0          0          0          0          0   usenofp.o
        56         12          0          0          0        132   atof.o
        48         28          0          0          0        232   dunder.o
        48          0          0          0          0        124   fpclassify.o
       140         22          0          0          0        128   frexp.o
       184         14          0          0          0        156   ldexp.o
       238         26          0          0          0        304   narrow.o

    ----------------------------------------------------------------------
     12784        530        569          0         96      10024   Library Totals
        20          4          2          0          0          0   (incl. Padding)

    ----------------------------------------------------------------------

      Code (inc. data)   RO Data    RW Data    ZI Data      Debug   Library Name

     11662        420        551          0         96       7640   c_w.l
       388          4         16          0          0       1308   fz_wv.l
       714        102          0          0          0       1076   m_wv.l

    ----------------------------------------------------------------------
     12784        530        569          0         96      10024   Library Totals

    ----------------------------------------------------------------------

==============================================================================


      Code (inc. data)   RO Data    RW Data    ZI Data      Debug   

     97372       7442       4484        640     190088    3242199   Grand Totals
     97372       7442       4484        196     190088    3242199   ELF Image Totals (compressed)
     97372       7442       4484        196          0          0   ROM Totals

==============================================================================

    Total RO  Size (Code + RO Data)               101856 (  99.47kB)
    Total RW  Size (RW Data + ZI Data)            190728 ( 186.26kB)
    Total ROM Size (Code + RO Data + RW Data)     102052 (  99.66kB)

==============================================================================

